Component: ARM Compiler 5.06 update 5 (build 528) Tool: armlink [4d35e2]

==============================================================================

Section Cross References

    main.o(i.main) refers to delay.o(i.delay_init) for delay_init
    main.o(i.main) refers to modbus.o(i.Modbus_Mode_Init) for Modbus_Mode_Init
    main.o(i.main) refers to serial.o(i.Serial_Init) for Serial_Init
    main.o(i.main) refers to serial.o(i.Turn_Init) for Turn_Init
    main.o(i.main) refers to timer.o(i.TIM2_Int_Init) for TIM2_Int_Init
    main.o(i.main) refers to timer.o(i.TIM3_Int_Init) for TIM3_Int_Init
    main.o(i.main) refers to nimotion.o(i.NiM_readParam) for NiM_readParam
    main.o(i.main) refers to serial.o(i.Serial_Printf) for Serial_Printf
    main.o(i.main) refers to nimotiontest.o(i.NiM_Position_Mode) for NiM_Position_Mode
    main.o(i.main) refers to main.o(i.map_value) for map_value
    main.o(i.main) refers to delay.o(i.delay_ms) for delay_ms
    main.o(i.main) refers to nimotion.o(i.NiM_moveAbsolute) for NiM_moveAbsolute
    main.o(i.main) refers to main.o(.data) for err
    main.o(i.main) refers to serial.o(.data) for received_data
    nimotiontest.o(i.NiM_Position_Mode) refers to nimotion.o(i.NiM_isMotorOnline) for NiM_isMotorOnline
    nimotiontest.o(i.NiM_Position_Mode) refers to nimotion.o(i.NiM_writeParam) for NiM_writeParam
    nimotiontest.o(i.NiM_Position_Mode) refers to nimotion.o(i.NiM_powerOff) for NiM_powerOff
    nimotiontest.o(i.NiM_Position_Mode) refers to nimotion.o(i.NiM_changeWorkMode) for NiM_changeWorkMode
    nimotiontest.o(i.NiM_Position_Mode) refers to nimotion.o(i.NiM_clearErrorState) for NiM_clearErrorState
    nimotiontest.o(i.NiM_Position_Mode) refers to nimotion.o(i.NiM_powerOn) for NiM_powerOn
    nimotiontest.o(i.NiM_Position_Mode) refers to nimotion.o(i.NiM_moveAbsolute) for NiM_moveAbsolute
    nimotiontest.o(i.NiM_Torque_Mode) refers to nimotion.o(i.NiM_isMotorOnline) for NiM_isMotorOnline
    nimotiontest.o(i.NiM_Torque_Mode) refers to nimotion.o(i.NiM_changeWorkMode) for NiM_changeWorkMode
    nimotiontest.o(i.NiM_Torque_Mode) refers to nimotion.o(i.NiM_clearErrorState) for NiM_clearErrorState
    nimotiontest.o(i.NiM_Torque_Mode) refers to nimotion.o(i.NiM_powerOn) for NiM_powerOn
    nimotiontest.o(i.NiM_Velocity_Mode) refers to nimotion.o(i.NiM_isMotorOnline) for NiM_isMotorOnline
    nimotiontest.o(i.NiM_Velocity_Mode) refers to nimotion.o(i.NiM_powerOff) for NiM_powerOff
    nimotiontest.o(i.NiM_Velocity_Mode) refers to nimotion.o(i.NiM_changeWorkMode) for NiM_changeWorkMode
    nimotiontest.o(i.NiM_Velocity_Mode) refers to nimotion.o(i.NiM_clearErrorState) for NiM_clearErrorState
    nimotiontest.o(i.NiM_Velocity_Mode) refers to nimotion.o(i.NiM_powerOn) for NiM_powerOn
    stm32f4xx_it.o(i.SysTick_Handler) refers to stm32f4xx_it.o(i.TimingDelay_Decrement) for TimingDelay_Decrement
    stm32f4xx_it.o(i.TimingDelay_Decrement) refers to stm32f4xx_it.o(.data) for TimingDelay
    serial.o(i.Serial_GetRxData) refers to serial.o(.data) for Serial_RxData
    serial.o(i.Serial_GetRxFlag) refers to serial.o(.data) for Serial_RxFlag
    serial.o(i.Serial_Init) refers to stm32f4xx_rcc.o(i.RCC_APB2PeriphClockCmd) for RCC_APB2PeriphClockCmd
    serial.o(i.Serial_Init) refers to stm32f4xx_rcc.o(i.RCC_AHB1PeriphClockCmd) for RCC_AHB1PeriphClockCmd
    serial.o(i.Serial_Init) refers to stm32f4xx_gpio.o(i.GPIO_PinAFConfig) for GPIO_PinAFConfig
    serial.o(i.Serial_Init) refers to stm32f4xx_gpio.o(i.GPIO_Init) for GPIO_Init
    serial.o(i.Serial_Init) refers to stm32f4xx_usart.o(i.USART_Init) for USART_Init
    serial.o(i.Serial_Init) refers to stm32f4xx_usart.o(i.USART_ITConfig) for USART_ITConfig
    serial.o(i.Serial_Init) refers to misc.o(i.NVIC_PriorityGroupConfig) for NVIC_PriorityGroupConfig
    serial.o(i.Serial_Init) refers to misc.o(i.NVIC_Init) for NVIC_Init
    serial.o(i.Serial_Init) refers to stm32f4xx_usart.o(i.USART_Cmd) for USART_Cmd
    serial.o(i.Serial_Printf) refers to vsprintf.o(.text) for vsprintf
    serial.o(i.Serial_Printf) refers to serial.o(i.Serial_SendString) for Serial_SendString
    serial.o(i.Serial_SendArray) refers to serial.o(i.Serial_SendByte) for Serial_SendByte
    serial.o(i.Serial_SendByte) refers to stm32f4xx_usart.o(i.USART_SendData) for USART_SendData
    serial.o(i.Serial_SendByte) refers to stm32f4xx_usart.o(i.USART_GetFlagStatus) for USART_GetFlagStatus
    serial.o(i.Serial_SendNumber) refers to serial.o(i.Serial_SendString) for Serial_SendString
    serial.o(i.Serial_SendNumber) refers to serial.o(i.Serial_Pow) for Serial_Pow
    serial.o(i.Serial_SendNumber) refers to serial.o(i.Serial_SendByte) for Serial_SendByte
    serial.o(i.Serial_SendString) refers to serial.o(i.Serial_SendByte) for Serial_SendByte
    serial.o(i.Turn_Init) refers to stm32f4xx_rcc.o(i.RCC_APB2PeriphClockCmd) for RCC_APB2PeriphClockCmd
    serial.o(i.Turn_Init) refers to stm32f4xx_rcc.o(i.RCC_AHB1PeriphClockCmd) for RCC_AHB1PeriphClockCmd
[...]
    .ARM.Collect$$libinit$$00000019          0x080002ae   Section        0  libinit2.o(.ARM.Collect$$libinit$$00000019)
    .ARM.Collect$$libinit$$0000001B          0x080002ae   Section        0  libinit2.o(.ARM.Collect$$libinit$$0000001B)
    .ARM.Collect$$libinit$$0000001D          0x080002ae   Section        0  libinit2.o(.ARM.Collect$$libinit$$0000001D)
    .ARM.Collect$$libinit$$0000001F          0x080002ae   Section        0  libinit2.o(.ARM.Collect$$libinit$$0000001F)
    .ARM.Collect$$libinit$$00000021          0x080002ae   Section        0  libinit2.o(.ARM.Collect$$libinit$$00000021)
    .ARM.Collect$$libinit$$00000023          0x080002ae   Section        0  libinit2.o(.ARM.Collect$$libinit$$00000023)
    .ARM.Collect$$libinit$$00000025          0x080002ae   Section        0  libinit2.o(.ARM.Collect$$libinit$$00000025)
    .ARM.Collect$$libinit$$0000002C          0x080002ae   Section        0  libinit2.o(.ARM.Collect$$libinit$$0000002C)
    .ARM.Collect$$libinit$$0000002E          0x080002ae   Section        0  libinit2.o(.ARM.Collect$$libinit$$0000002E)
    .ARM.Collect$$libinit$$00000030          0x080002ae   Section        0  libinit2.o(.ARM.Collect$$libinit$$00000030)
    .ARM.Collect$$libinit$$00000032          0x080002ae   Section        0  libinit2.o(.ARM.Collect$$libinit$$00000032)
    .ARM.Collect$$libinit$$00000033          0x080002ae   Section        2  libinit2.o(.ARM.Collect$$libinit$$00000033)
    .ARM.Collect$$libshutdown$$00000000      0x080002b0   Section        2  libshutdown.o(.ARM.Collect$$libshutdown$$00000000)
    .ARM.Collect$$libshutdown$$00000002      0x080002b2   Section        0  libshutdown2.o(.ARM.Collect$$libshutdown$$00000002)
    .ARM.Collect$$libshutdown$$00000004      0x080002b2   Section        0  libshutdown2.o(.ARM.Collect$$libshutdown$$00000004)
    .ARM.Collect$$libshutdown$$00000007      0x080002b2   Section        0  libshutdown2.o(.ARM.Collect$$libshutdown$$00000007)
    .ARM.Collect$$libshutdown$$0000000A      0x080002b2   Section        0  libshutdown2.o(.ARM.Collect$$libshutdown$$0000000A)
    .ARM.Collect$$libshutdown$$0000000C      0x080002b2   Section        0  libshutdown2.o(.ARM.Collect$$libshutdown$$0000000C)
    .ARM.Collect$$libshutdown$$0000000F      0x080002b2   Section        0  libshutdown2.o(.ARM.Collect$$libshutdown$$0000000F)
    .ARM.Collect$$libshutdown$$00000010      0x080002b2   Section        2  libshutdown2.o(.ARM.Collect$$libshutdown$$00000010)
    .ARM.Collect$$rtentry$$00000000          0x080002b4   Section        0  __rtentry.o(.ARM.Collect$$rtentry$$00000000)
    .ARM.Collect$$rtentry$$00000002          0x080002b4   Section        0  __rtentry2.o(.ARM.Collect$$rtentry$$00000002)
    .ARM.Collect$$rtentry$$00000004          0x080002b4   Section        6  __rtentry4.o(.ARM.Collect$$rtentry$$00000004)
    .ARM.Collect$$rtentry$$00000009          0x080002ba   Section        0  __rtentry2.o(.ARM.Collect$$rtentry$$00000009)
    .ARM.Collect$$rtentry$$0000000A          0x080002ba   Section        4  __rtentry2.o(.ARM.Collect$$rtentry$$0000000A)
    .ARM.Collect$$rtentry$$0000000C          0x080002be   Section        0  __rtentry2.o(.ARM.Collect$$rtentry$$0000000C)
    .ARM.Collect$$rtentry$$0000000D          0x080002be   Section        8  __rtentry2.o(.ARM.Collect$$rtentry$$0000000D)
    .ARM.Collect$$rtexit$$00000000           0x080002c6   Section        2  rtexit.o(.ARM.Collect$$rtexit$$00000000)
    .ARM.Collect$$rtexit$$00000002           0x080002c8   Section        0  rtexit2.o(.ARM.Collect$$rtexit$$00000002)
    .ARM.Collect$$rtexit$$00000003           0x080002c8   Section        4  rtexit2.o(.ARM.Collect$$rtexit$$00000003)
    .ARM.Collect$$rtexit$$00000004           0x080002cc   Section        6  rtexit2.o(.ARM.Collect$$rtexit$$00000004)
    .text                                    0x080002d4   Section       64  startup_stm32f407xx.o(.text)
    $v0                                      0x080002d4   Number         0  startup_stm32f407xx.o(.text)
    .text                                    0x08000314   Section        0  vsprintf.o(.text)
    .text                                    0x08000338   Section       68  rt_memclr.o(.text)
    .text                                    0x0800037c   Section        0  heapauxi.o(.text)
    .text                                    0x08000382   Section        0  _printf_pad.o(.text)
    .text                                    0x080003d0   Section        0  _printf_truncate.o(.text)
    .text                                    0x080003f4   Section        0  _printf_str.o(.text)
    .text                                    0x08000448   Section        0  _printf_dec.o(.text)
    .text                                    0x080004c0   Section        0  _printf_charcount.o(.text)
    .text                                    0x080004e8   Section        0  _printf_char_common.o(.text)
    _printf_input_char                       0x080004e9   Thumb Code    10  _printf_char_common.o(.text)
    .text                                    0x08000518   Section        0  _sputc.o(.text)
    .text                                    0x08000524   Section        0  _printf_wctomb.o(.text)
    .text                                    0x080005e0   Section        0  _printf_longlong_dec.o(.text)
    .text                                    0x0800065c   Section        0  _printf_oct_int_ll.o(.text)
    _printf_longlong_oct_internal            0x0800065d   Thumb Code     0  _printf_oct_int_ll.o(.text)
    .text                                    0x080006cc   Section        0  _printf_hex_int_ll_ptr.o(.text)
    _printf_hex_common                       0x080006cd   Thumb Code     0  _printf_hex_int_ll_ptr.o(.text)
    .text                                    0x08000760   Section        0  __printf_flags_ss_wp.o(.text)
    .text                                    0x080008e8   Section       78  rt_memclr_w.o(.text)
    .text                                    0x08000936   Section      138  lludiv10.o(.text)
    .text                                    0x080009c0   Section        0  _printf_intcommon.o(.text)
    .text                                    0x08000a72   Section        0  _printf_fp_dec.o(.text)
    _fp_digits                               0x08000a75   Thumb Code   432  _printf_fp_dec.o(.text)
    .text                                    0x08000e90   Section        0  _printf_fp_hex.o(.text)
    .text                                    0x0800118c   Section        0  _printf_char.o(.text)
    .text                                    0x080011b8   Section        0  _printf_wchar.o(.text)
    .text                                    0x080011e4   Section        0  _wcrtomb.o(.text)
    .text                                    0x08001224   Section       74  sys_stackheap_outer.o(.text)
    .text                                    0x08001270   Section       16  rt_ctype_table.o(.text)
    .text                                    0x08001280   Section        8  rt_locale_intlibspace.o(.text)
    .text                                    0x08001288   Section        0  _printf_fp_infnan.o(.text)
    .text                                    0x08001308   Section        0  bigflt0.o(.text)
    .text                                    0x080013ec   Section        0  exit.o(.text)
    .text                                    0x08001400   Section        8  libspace.o(.text)
    .text                                    0x08001408   Section      128  strcmpv7m.o(.text)
    .text                                    0x08001488   Section        0  sys_exit.o(.text)
    .text                                    0x08001494   Section        2  use_no_semi.o(.text)
    .text                                    0x08001496   Section        0  indicate_semi.o(.text)
    CL$$btod_d2e                             0x08001496   Section       62  btod.o(CL$$btod_d2e)
    CL$$btod_d2e_denorm_low                  0x080014d4   Section       70  btod.o(CL$$btod_d2e_denorm_low)
    CL$$btod_d2e_norm_op1                    0x0800151a   Section       96  btod.o(CL$$btod_d2e_norm_op1)
    CL$$btod_div_common                      0x0800157a   Section      824  btod.o(CL$$btod_div_common)
    CL$$btod_e2e                             0x080018b2   Section      220  btod.o(CL$$btod_e2e)
    CL$$btod_ediv                            0x0800198e   Section       42  btod.o(CL$$btod_ediv)
    CL$$btod_emul                            0x080019b8   Section       42  btod.o(CL$$btod_emul)
    CL$$btod_mult_common                     0x080019e2   Section      580  btod.o(CL$$btod_mult_common)
    i.BusFault_Handler                       0x08001c26   Section        0  stm32f4xx_it.o(i.BusFault_Handler)
    i.DebugMon_Handler                       0x08001c2a   Section        0  stm32f4xx_it.o(i.DebugMon_Handler)
    i.GPIO_Init                              0x08001c2c   Section        0  stm32f4xx_gpio.o(i.GPIO_Init)
    i.GPIO_PinAFConfig                       0x08001cbc   Section        0  stm32f4xx_gpio.o(i.GPIO_PinAFConfig)
    i.GPIO_ResetBits                         0x08001d02   Section        0  stm32f4xx_gpio.o(i.GPIO_ResetBits)
    i.GPIO_SetBits                           0x08001d08   Section        0  stm32f4xx_gpio.o(i.GPIO_SetBits)
    i.HardFault_Handler                      0x08001d0c   Section        0  stm32f4xx_it.o(i.HardFault_Handler)
    i.MemManage_Handler                      0x08001d10   Section        0  stm32f4xx_it.o(i.MemManage_Handler)
    i.Modbus_Mode_Init                       0x08001d14   Section        0  modbus.o(i.Modbus_Mode_Init)
    i.NMI_Handler                            0x08001de8   Section        0  stm32f4xx_it.o(i.NMI_Handler)
    i.NVIC_Configuration                     0x08001dea   Section        0  modbus.o(i.NVIC_Configuration)
    NVIC_Configuration                       0x08001deb   Thumb Code    38  modbus.o(i.NVIC_Configuration)
    i.NVIC_Init                              0x08001e10   Section        0  misc.o(i.NVIC_Init)
    i.NVIC_PriorityGroupConfig               0x08001e88   Section        0  misc.o(i.NVIC_PriorityGroupConfig)
    i.NiM_Position_Mode                      0x08001e9c   Section        0  nimotiontest.o(i.NiM_Position_Mode)
    i.NiM_changeWorkMode                     0x08001f6a   Section        0  nimotion.o(i.NiM_changeWorkMode)
    i.NiM_clearErrorState                    0x08001f88   Section        0  nimotion.o(i.NiM_clearErrorState)
    i.NiM_isMotorOnline                      0x08001faa   Section        0  nimotion.o(i.NiM_isMotorOnline)
    i.NiM_moveAbsolute                       0x08001fcc   Section        0  nimotion.o(i.NiM_moveAbsolute)
    i.NiM_powerOff                           0x0800207c   Section        0  nimotion.o(i.NiM_powerOff)
    i.NiM_powerOn                            0x0800209e   Section        0  nimotion.o(i.NiM_powerOn)
    i.NiM_readParam                          0x08002100   Section        0  nimotion.o(i.NiM_readParam)
    i.NiM_writeParam                         0x080022c8   Section        0  nimotion.o(i.NiM_writeParam)
    i.PendSV_Handler                         0x0800249c   Section        0  stm32f4xx_it.o(i.PendSV_Handler)
    i.RCC_AHB1PeriphClockCmd                 0x080024a0   Section        0  stm32f4xx_rcc.o(i.RCC_AHB1PeriphClockCmd)
    i.RCC_APB1PeriphClockCmd                 0x080024c0   Section        0  stm32f4xx_rcc.o(i.RCC_APB1PeriphClockCmd)
    i.RCC_APB2PeriphClockCmd                 0x080024e0   Section        0  stm32f4xx_rcc.o(i.RCC_APB2PeriphClockCmd)
    i.RCC_GetClocksFreq                      0x08002500   Section        0  stm32f4xx_rcc.o(i.RCC_GetClocksFreq)
    i.SVC_Handler                            0x080025e8   Section        0  stm32f4xx_it.o(i.SVC_Handler)
    i.Serial_Init                            0x080025ec   Section        0  serial.o(i.Serial_Init)
    i.Serial_Printf                          0x080026d4   Section        0  serial.o(i.Serial_Printf)
    i.Serial_SendByte                        0x080026f8   Section        0  serial.o(i.Serial_SendByte)
    i.Serial_SendString                      0x08002718   Section        0  serial.o(i.Serial_SendString)
    i.SysTick_CLKSourceConfig                0x08002732   Section        0  misc.o(i.SysTick_CLKSourceConfig)
    i.SysTick_Handler                        0x0800275a   Section        0  stm32f4xx_it.o(i.SysTick_Handler)
    i.SystemInit                             0x08002764   Section        0  system_stm32f4xx.o(i.SystemInit)
    i.TIM2_IRQHandler                        0x08002778   Section        0  timer.o(i.TIM2_IRQHandler)
    i.TIM2_Int_Init                          0x080027a0   Section        0  timer.o(i.TIM2_Int_Init)
    i.TIM3_IRQHandler                        0x0800283c   Section        0  timer.o(i.TIM3_IRQHandler)
    i.TIM3_Int_Init                          0x08002860   Section        0  timer.o(i.TIM3_Int_Init)
    i.TIM_ClearITPendingBit                  0x080028ec   Section        0  stm32f4xx_tim.o(i.TIM_ClearITPendingBit)
    i.TIM_Cmd                                0x080028f2   Section        0  stm32f4xx_tim.o(i.TIM_Cmd)
    i.TIM_GetITStatus                        0x0800290a   Section        0  stm32f4xx_tim.o(i.TIM_GetITStatus)
    i.TIM_ITConfig                           0x0800292c   Section        0  stm32f4xx_tim.o(i.TIM_ITConfig)
    i.TIM_SetCounter                         0x0800293e   Section        0  stm32f4xx_tim.o(i.TIM_SetCounter)
    i.TIM_TimeBaseInit                       0x08002944   Section        0  stm32f4xx_tim.o(i.TIM_TimeBaseInit)
    i.TimingDelay_Decrement                  0x080029c8   Section        0  stm32f4xx_it.o(i.TimingDelay_Decrement)
    i.Turn_Init                              0x080029e0   Section        0  serial.o(i.Turn_Init)
    i.USART1_IRQHandler                      0x08002abc   Section        0  serial.o(i.USART1_IRQHandler)
    i.USART2_IRQHandler                      0x08002aec   Section        0  modbus.o(i.USART2_IRQHandler)
    i.USART6_IRQHandler                      0x08002b50   Section        0  serial.o(i.USART6_IRQHandler)
    i.USART_ClearFlag                        0x08002bd8   Section        0  stm32f4xx_usart.o(i.USART_ClearFlag)
    i.USART_ClearITPendingBit                0x08002bea   Section        0  stm32f4xx_usart.o(i.USART_ClearITPendingBit)
    i.USART_Cmd                              0x08002c08   Section        0  stm32f4xx_usart.o(i.USART_Cmd)
    i.USART_GetFlagStatus                    0x08002c20   Section        0  stm32f4xx_usart.o(i.USART_GetFlagStatus)
    i.USART_GetITStatus                      0x08002c3a   Section        0  stm32f4xx_usart.o(i.USART_GetITStatus)
    i.USART_ITConfig                         0x08002c8e   Section        0  stm32f4xx_usart.o(i.USART_ITConfig)
    i.USART_Init                             0x08002cd8   Section        0  stm32f4xx_usart.o(i.USART_Init)
    i.USART_ReceiveData                      0x08002dac   Section        0  stm32f4xx_usart.o(i.USART_ReceiveData)
    i.USART_SendData                         0x08002db6   Section        0  stm32f4xx_usart.o(i.USART_SendData)
    i.USART_Send_Buffer                      0x08002dc0   Section        0  modbus.o(i.USART_Send_Buffer)
    i.UsageFault_Handler                     0x08002e1c   Section        0  stm32f4xx_it.o(i.UsageFault_Handler)
    i.__ARM_fpclassify                       0x08002e20   Section        0  fpclassify.o(i.__ARM_fpclassify)
    i._is_digit                              0x08002e50   Section        0  __printf_wp.o(i._is_digit)
    i.delay_init                             0x08002e60   Section        0  delay.o(i.delay_init)
    i.delay_ms                               0x08002ea4   Section        0  delay.o(i.delay_ms)
    i.main                                   0x08002ef0   Section        0  main.o(i.main)
    i.map_value                              0x08002f90   Section        0  main.o(i.map_value)
    i.usMBCRC16                              0x08002fc0   Section        0  modbus.o(i.usMBCRC16)
    locale$$code                             0x08002ff8   Section       44  lc_numeric_c.o(locale$$code)
    locale$$code                             0x08003024   Section       44  lc_ctype_c.o(locale$$code)
    x$fpl$fpinit                             0x08003050   Section       10  fpinit.o(x$fpl$fpinit)
    $v0                                      0x08003050   Number         0  fpinit.o(x$fpl$fpinit)
    x$fpl$printf1                            0x0800305a   Section        4  printf1.o(x$fpl$printf1)
    $v0                                      0x0800305a   Number         0  printf1.o(x$fpl$printf1)
    x$fpl$printf2                            0x0800305e   Section        4  printf2.o(x$fpl$printf2)
    $v0                                      0x0800305e   Number         0  printf2.o(x$fpl$printf2)
    .constdata                               0x08003062   Section      512  modbus.o(.constdata)
    x$fpl$usenofp                            0x08003062   Section        0  usenofp.o(x$fpl$usenofp)
    aucCRCHi                                 0x08003062   Data         256  modbus.o(.constdata)
    aucCRCLo                                 0x08003162   Data         256  modbus.o(.constdata)
    .constdata                               0x08003264   Section        8  _printf_wctomb.o(.constdata)
    initial_mbstate                          0x08003264   Data           8  _printf_wctomb.o(.constdata)
    .constdata                               0x0800326c   Section       40  _printf_hex_int_ll_ptr.o(.constdata)
    uc_hextab                                0x0800326c   Data          20  _printf_hex_int_ll_ptr.o(.constdata)
    lc_hextab                                0x08003280   Data          20  _printf_hex_int_ll_ptr.o(.constdata)
    .constdata                               0x08003294   Section       17  __printf_flags_ss_wp.o(.constdata)
    maptable                                 0x08003294   Data          17  __printf_flags_ss_wp.o(.constdata)
    .constdata                               0x080032a5   Section       38  _printf_fp_hex.o(.constdata)
    lc_hextab                                0x080032a5   Data          19  _printf_fp_hex.o(.constdata)
    uc_hextab                                0x080032b8   Data          19  _printf_fp_hex.o(.constdata)
    .constdata                               0x080032cc   Section      148  bigflt0.o(.constdata)
    tenpwrs_x                                0x080032cc   Data          60  bigflt0.o(.constdata)
    tenpwrs_i                                0x08003308   Data          64  bigflt0.o(.constdata)
    locale$$data                             0x08003380   Section       28  lc_numeric_c.o(locale$$data)
    __lcnum_c_name                           0x08003384   Data           2  lc_numeric_c.o(locale$$data)
    __lcnum_c_start                          0x0800338c   Data           0  lc_numeric_c.o(locale$$data)
    __lcnum_c_point                          0x08003398   Data           0  lc_numeric_c.o(locale$$data)
    __lcnum_c_thousands                      0x0800339a   Data           0  lc_numeric_c.o(locale$$data)
    __lcnum_c_grouping                       0x0800339b   Data           0  lc_numeric_c.o(locale$$data)
    locale$$data                             0x0800339c   Section      272  lc_ctype_c.o(locale$$data)
    __lcnum_c_end                            0x0800339c   Data           0  lc_numeric_c.o(locale$$data)
    __lcctype_c_name                         0x080033a0   Data           2  lc_ctype_c.o(locale$$data)
    __lcctype_c_start                        0x080033a8   Data           0  lc_ctype_c.o(locale$$data)
    __lcctype_c_end                          0x080034ac   Data           0  lc_ctype_c.o(locale$$data)
    .data                                    0x20000000   Section        4  main.o(.data)
    .data                                    0x20000004   Section        4  stm32f4xx_it.o(.data)
    TimingDelay                              0x20000004   Data           4  stm32f4xx_it.o(.data)
    .data                                    0x20000008   Section       16  serial.o(.data)
    .data                                    0x20000018   Section        4  delay.o(.data)
    fac_us                                   0x20000018   Data           1  delay.o(.data)
    fac_ms                                   0x2000001a   Data           2  delay.o(.data)
    .data                                    0x2000001c   Section        4  modbus.o(.data)
    .data                                    0x20000020   Section       18  nimotion.o(.data)
    .data                                    0x20000032   Section        1  timer.o(.data)
    .data                                    0x20000033   Section       16  stm32f4xx_rcc.o(.data)
    APBAHBPrescTable                         0x20000033   Data          16  stm32f4xx_rcc.o(.data)
    .data                                    0x20000044   Section        4  system_stm32f4xx.o(.data)
    .bss                                     0x20000048   Section       64  modbus.o(.bss)
    .bss                                     0x20000088   Section      100  nimotion.o(.bss)
    .bss                                     0x200000ec   Section       96  libspace.o(.bss)
    HEAP                                     0x20000150   Section      512  startup_stm32f407xx.o(HEAP)
    Heap_Mem                                 0x20000150   Data         512  startup_stm32f407xx.o(HEAP)
    STACK                                    0x20000350   Section     1024  startup_stm32f407xx.o(STACK)
    Stack_Mem                                0x20000350   Data        1024  startup_stm32f407xx.o(STACK)
    __initial_sp                             0x20000750   Data           0  startup_stm32f407xx.o(STACK)

    Global Symbols

    Symbol Name                              Value     Ov Type        Size  Object(Section)

    BuildAttributes$$THM_ISAv4$E$P$D$K$B$S$7EM$VFPi3$EXTD16$VFPS$VFMA$PE$A:L22UL41UL21$X:L11$S22US41US21$IEEE1$IW$USESV6$~STKCKD$USESV7$~SHL$OTIME$ROPI$IEEEJ$EBA8$UX$STANDARDLIB$REQ8$PRES8$EABIv2 0x00000000   Number         0  anon$$obj.o ABSOLUTE
    __ARM_use_no_argv                        0x00000000   Number         0  main.o ABSOLUTE
    _printf_flags                            0x00000000   Number         0  printf_stubs.o ABSOLUTE
    _printf_return_value                     0x00000000   Number         0  printf_stubs.o ABSOLUTE
    _printf_sizespec                         0x00000000   Number         0  printf_stubs.o ABSOLUTE
    _printf_widthprec                        0x00000000   Number         0  printf_stubs.o ABSOLUTE
    __ARM_exceptions_init                     - Undefined Weak Reference
    __alloca_initialize                       - Undefined Weak Reference
    __arm_preinit_                            - Undefined Weak Reference
    __cpp_initialize__aeabi_                  - Undefined Weak Reference
    __cxa_finalize                            - Undefined Weak Reference
    __sigvec_lookup                           - Undefined Weak Reference
    _atexit_init                              - Undefined Weak Reference
    _call_atexit_fns                          - Undefined Weak Reference
    _clock_init                               - Undefined Weak Reference
    _fp_trap_init                             - Undefined Weak Reference
    _fp_trap_shutdown                         - Undefined Weak Reference
    _get_lc_collate                           - Undefined Weak Reference
    _get_lc_monetary                          - Undefined Weak Reference
    _get_lc_time                              - Undefined Weak Reference
    _getenv_init                              - Undefined Weak Reference
    _handle_redirection                       - Undefined Weak Reference
    _init_alloc                               - Undefined Weak Reference
    _init_user_alloc                          - Undefined Weak Reference
    _initio                                   - Undefined Weak Reference
    _printf_mbtowc                            - Undefined Weak Reference
    _printf_wc                                - Undefined Weak Reference
    _rand_init                                - Undefined Weak Reference
    _signal_finish                            - Undefined Weak Reference
    _signal_init                              - Undefined Weak Reference
    _terminate_alloc                          - Undefined Weak Reference
    _terminate_user_alloc                     - Undefined Weak Reference
    _terminateio                              - Undefined Weak Reference
    __Vectors_Size                           0x00000188   Number         0  startup_stm32f407xx.o ABSOLUTE
    __Vectors                                0x08000000   Data           4  startup_stm32f407xx.o(RESET)
    __Vectors_End                            0x08000188   Data           0  startup_stm32f407xx.o(RESET)
    __main                                   0x08000189   Thumb Code     8  __main.o(!!!main)
    __scatterload                            0x08000191   Thumb Code     0  __scatter.o(!!!scatter)
    __scatterload_rt2                        0x08000191   Thumb Code    44  __scatter.o(!!!scatter)
    __scatterload_rt2_thumb_only             0x08000191   Thumb Code     0  __scatter.o(!!!scatter)
    __scatterload_null                       0x0800019f   Thumb Code     0  __scatter.o(!!!scatter)
    __scatterload_copy                       0x080001c5   Thumb Code    26  __scatter_copy.o(!!handler_copy)
    __scatterload_zeroinit                   0x080001e1   Thumb Code    28  __scatter_zi.o(!!handler_zi)
    _printf_n                                0x080001fd   Thumb Code     0  _printf_n.o(.ARM.Collect$$_printf_percent$$00000001)
    _printf_percent                          0x080001fd   Thumb Code     0  _printf_percent.o(.ARM.Collect$$_printf_percent$$00000000)
    _printf_p                                0x08000203   Thumb Code     0  _printf_p.o(.ARM.Collect$$_printf_percent$$00000002)
    _printf_f                                0x08000209   Thumb Code     0  _printf_f.o(.ARM.Collect$$_printf_percent$$00000003)
    _printf_e                                0x0800020f   Thumb Code     0  _printf_e.o(.ARM.Collect$$_printf_percent$$00000004)
    _printf_g                                0x08000215   Thumb Code     0  _printf_g.o(.ARM.Collect$$_printf_percent$$00000005)
    _printf_a                                0x0800021b   Thumb Code     0  _printf_a.o(.ARM.Collect$$_printf_percent$$00000006)
    _printf_ll                               0x08000221   Thumb Code     0  _printf_ll.o(.ARM.Collect$$_printf_percent$$00000007)
    _printf_i                                0x0800022b   Thumb Code     0  _printf_i.o(.ARM.Collect$$_printf_percent$$00000008)
    _printf_d                                0x08000231   Thumb Code     0  _printf_d.o(.ARM.Collect$$_printf_percent$$00000009)
    _printf_u                                0x08000237   Thumb Code     0  _printf_u.o(.ARM.Collect$$_printf_percent$$0000000A)
    _printf_o                                0x0800023d   Thumb Code     0  _printf_o.o(.ARM.Collect$$_printf_percent$$0000000B)
    _printf_x                                0x08000243   Thumb Code     0  _printf_x.o(.ARM.Collect$$_printf_percent$$0000000C)
    _printf_lli                              0x08000249   Thumb Code     0  _printf_lli.o(.ARM.Collect$$_printf_percent$$0000000D)
    _printf_lld                              0x0800024f   Thumb Code     0  _printf_lld.o(.ARM.Collect$$_printf_percent$$0000000E)
    _printf_llu                              0x08000255   Thumb Code     0  _printf_llu.o(.ARM.Collect$$_printf_percent$$0000000F)
    _printf_llo                              0x0800025b   Thumb Code     0  _printf_llo.o(.ARM.Collect$$_printf_percent$$00000010)
    _printf_llx                              0x08000261   Thumb Code     0  _printf_llx.o(.ARM.Collect$$_printf_percent$$00000011)
    _printf_l                                0x08000267   Thumb Code     0  _printf_l.o(.ARM.Collect$$_printf_percent$$00000012)
    _printf_c                                0x08000271   Thumb Code     0  _printf_c.o(.ARM.Collect$$_printf_percent$$00000013)
    _printf_s                                0x08000277   Thumb Code     0  _printf_s.o(.ARM.Collect$$_printf_percent$$00000014)
    _printf_lc                               0x0800027d   Thumb Code     0  _printf_lc.o(.ARM.Collect$$_printf_percent$$00000015)
    _printf_ls                               0x08000283   Thumb Code     0  _printf_ls.o(.ARM.Collect$$_printf_percent$$00000016)
    _printf_percent_end                      0x08000289   Thumb Code     0  _printf_percent_end.o(.ARM.Collect$$_printf_percent$$00000017)
    __rt_lib_init                            0x0800028d   Thumb Code     0  libinit.o(.ARM.Collect$$libinit$$00000000)
    __rt_lib_init_fp_1                       0x0800028f   Thumb Code     0  libinit2.o(.ARM.Collect$$libinit$$00000001)
    __rt_lib_init_heap_1                     0x08000293   Thumb Code     0  libinit2.o(.ARM.Collect$$libinit$$0000000A)
    __rt_lib_init_lc_common                  0x08000293   Thumb Code     0  libinit2.o(.ARM.Collect$$libinit$$0000000F)
    __rt_lib_init_preinit_1                  0x08000293   Thumb Code     0  libinit2.o(.ARM.Collect$$libinit$$00000004)
    __rt_lib_init_rand_1                     0x08000293   Thumb Code     0  libinit2.o(.ARM.Collect$$libinit$$0000000E)
    __rt_lib_init_user_alloc_1               0x08000293   Thumb Code     0  libinit2.o(.ARM.Collect$$libinit$$0000000C)
    __rt_lib_init_lc_collate_1               0x08000299   Thumb Code     0  libinit2.o(.ARM.Collect$$libinit$$00000011)
    __rt_lib_init_lc_ctype_2                 0x08000299   Thumb Code     0  libinit2.o(.ARM.Collect$$libinit$$00000012)
    __rt_lib_init_lc_ctype_1                 0x080002a5   Thumb Code     0  libinit2.o(.ARM.Collect$$libinit$$00000013)
    __rt_lib_init_lc_monetary_1              0x080002a5   Thumb Code     0  libinit2.o(.ARM.Collect$$libinit$$00000015)
    __rt_lib_init_lc_numeric_2               0x080002a5   Thumb Code     0  libinit2.o(.ARM.Collect$$libinit$$00000016)
    __rt_lib_init_alloca_1                   0x080002af   Thumb Code     0  libinit2.o(.ARM.Collect$$libinit$$0000002E)
    __rt_lib_init_argv_1                     0x080002af   Thumb Code     0  libinit2.o(.ARM.Collect$$libinit$$0000002C)
    __rt_lib_init_atexit_1                   0x080002af   Thumb Code     0  libinit2.o(.ARM.Collect$$libinit$$0000001B)
    __rt_lib_init_clock_1                    0x080002af   Thumb Code     0  libinit2.o(.ARM.Collect$$libinit$$00000021)
    __rt_lib_init_cpp_1                      0x080002af   Thumb Code     0  libinit2.o(.ARM.Collect$$libinit$$00000032)
    __rt_lib_init_exceptions_1               0x080002af   Thumb Code     0  libinit2.o(.ARM.Collect$$libinit$$00000030)
    __rt_lib_init_fp_trap_1                  0x080002af   Thumb Code     0  libinit2.o(.ARM.Collect$$libinit$$0000001F)
    __rt_lib_init_getenv_1                   0x080002af   Thumb Code     0  libinit2.o(.ARM.Collect$$libinit$$00000023)
    __rt_lib_init_lc_numeric_1               0x080002af   Thumb Code     0  libinit2.o(.ARM.Collect$$libinit$$00000017)
    __rt_lib_init_lc_time_1                  0x080002af   Thumb Code     0  libinit2.o(.ARM.Collect$$libinit$$00000019)
    __rt_lib_init_return                     0x080002af   Thumb Code     0  libinit2.o(.ARM.Collect$$libinit$$00000033)
    __rt_lib_init_signal_1                   0x080002af   Thumb Code     0  libinit2.o(.ARM.Collect$$libinit$$0000001D)
    __rt_lib_init_stdio_1                    0x080002af   Thumb Code     0  libinit2.o(.ARM.Collect$$libinit$$00000025)
    __rt_lib_shutdown                        0x080002b1   Thumb Code     0  libshutdown.o(.ARM.Collect$$libshutdown$$00000000)
    __rt_lib_shutdown_cpp_1                  0x080002b3   Thumb Code     0  libshutdown2.o(.ARM.Collect$$libshutdown$$00000002)
    __rt_lib_shutdown_fp_trap_1              0x080002b3   Thumb Code     0  libshutdown2.o(.ARM.Collect$$libshutdown$$00000007)
    __rt_lib_shutdown_heap_1                 0x080002b3   Thumb Code     0  libshutdown2.o(.ARM.Collect$$libshutdown$$0000000F)
    __rt_lib_shutdown_return                 0x080002b3   Thumb Code     0  libshutdown2.o(.ARM.Collect$$libshutdown$$00000010)
    __rt_lib_shutdown_signal_1               0x080002b3   Thumb Code     0  libshutdown2.o(.ARM.Collect$$libshutdown$$0000000A)
    __rt_lib_shutdown_stdio_1                0x080002b3   Thumb Code     0  libshutdown2.o(.ARM.Collect$$libshutdown$$00000004)
    __rt_lib_shutdown_user_alloc_1           0x080002b3   Thumb Code     0  libshutdown2.o(.ARM.Collect$$libshutdown$$0000000C)
    __rt_entry                               0x080002b5   Thumb Code     0  __rtentry.o(.ARM.Collect$$rtentry$$00000000)
    __rt_entry_presh_1                       0x080002b5   Thumb Code     0  __rtentry2.o(.ARM.Collect$$rtentry$$00000002)
    __rt_entry_sh                            0x080002b5   Thumb Code     0  __rtentry4.o(.ARM.Collect$$rtentry$$00000004)
    __rt_entry_li                            0x080002bb   Thumb Code     0  __rtentry2.o(.ARM.Collect$$rtentry$$0000000A)
    __rt_entry_postsh_1                      0x080002bb   Thumb Code     0  __rtentry2.o(.ARM.Collect$$rtentry$$00000009)
    __rt_entry_main                          0x080002bf   Thumb Code     0  __rtentry2.o(.ARM.Collect$$rtentry$$0000000D)
    __rt_entry_postli_1                      0x080002bf   Thumb Code     0  __rtentry2.o(.ARM.Collect$$rtentry$$0000000C)
    __rt_exit                                0x080002c7   Thumb Code     0  rtexit.o(.ARM.Collect$$rtexit$$00000000)
    __rt_exit_ls                             0x080002c9   Thumb Code     0  rtexit2.o(.ARM.Collect$$rtexit$$00000003)
    __rt_exit_prels_1                        0x080002c9   Thumb Code     0  rtexit2.o(.ARM.Collect$$rtexit$$00000002)
    __rt_exit_exit                           0x080002cd   Thumb Code     0  rtexit2.o(.ARM.Collect$$rtexit$$00000004)
    Reset_Handler                            0x080002d5   Thumb Code     8  startup_stm32f407xx.o(.text)
    ADC_IRQHandler                           0x080002ef   Thumb Code     0  startup_stm32f407xx.o(.text)
    CAN1_RX0_IRQHandler                      0x080002ef   Thumb Code     0  startup_stm32f407xx.o(.text)
    CAN1_RX1_IRQHandler                      0x080002ef   Thumb Code     0  startup_stm32f407xx.o(.text)
    CAN1_SCE_IRQHandler                      0x080002ef   Thumb Code     0  startup_stm32f407xx.o(.text)
    CAN1_TX_IRQHandler                       0x080002ef   Thumb Code     0  startup_stm32f407xx.o(.text)
    CAN2_RX0_IRQHandler                      0x080002ef   Thumb Code     0  startup_stm32f407xx.o(.text)
    CAN2_RX1_IRQHandler                      0x080002ef   Thumb Code     0  startup_stm32f407xx.o(.text)
    CAN2_SCE_IRQHandler                      0x080002ef   Thumb Code     0  startup_stm32f407xx.o(.text)
    CAN2_TX_IRQHandler                       0x080002ef   Thumb Code     0  startup_stm32f407xx.o(.text)
    DCMI_IRQHandler                          0x080002ef   Thumb Code     0  startup_stm32f407xx.o(.text)
    DMA1_Stream0_IRQHandler                  0x080002ef   Thumb Code     0  startup_stm32f407xx.o(.text)
    DMA1_Stream1_IRQHandler                  0x080002ef   Thumb Code     0  startup_stm32f407xx.o(.text)
    DMA1_Stream2_IRQHandler                  0x080002ef   Thumb Code     0  startup_stm32f407xx.o(.text)
    DMA1_Stream3_IRQHandler                  0x080002ef   Thumb Code     0  startup_stm32f407xx.o(.text)
    DMA1_Stream4_IRQHandler                  0x080002ef   Thumb Code     0  startup_stm32f407xx.o(.text)
    DMA1_Stream5_IRQHandler                  0x080002ef   Thumb Code     0  startup_stm32f407xx.o(.text)
    DMA1_Stream6_IRQHandler                  0x080002ef   Thumb Code     0  startup_stm32f407xx.o(.text)
    DMA1_Stream7_IRQHandler                  0x080002ef   Thumb Code     0  startup_stm32f407xx.o(.text)
    DMA2_Stream0_IRQHandler                  0x080002ef   Thumb Code     0  startup_stm32f407xx.o(.text)
    DMA2_Stream1_IRQHandler                  0x080002ef   Thumb Code     0  startup_stm32f407xx.o(.text)
    DMA2_Stream2_IRQHandler                  0x080002ef   Thumb Code     0  startup_stm32f407xx.o(.text)
    DMA2_Stream3_IRQHandler                  0x080002ef   Thumb Code     0  startup_stm32f407xx.o(.text)
    DMA2_Stream4_IRQHandler                  0x080002ef   Thumb Code     0  startup_stm32f407xx.o(.text)
    DMA2_Stream5_IRQHandler                  0x080002ef   Thumb Code     0  startup_stm32f407xx.o(.text)
    DMA2_Stream6_IRQHandler                  0x080002ef   Thumb Code     0  startup_stm32f407xx.o(.text)
    DMA2_Stream7_IRQHandler                  0x080002ef   Thumb Code     0  startup_stm32f407xx.o(.text)
    ETH_IRQHandler                           0x080002ef   Thumb Code     0  startup_stm32f407xx.o(.text)
    ETH_WKUP_IRQHandler                      0x080002ef   Thumb Code     0  startup_stm32f407xx.o(.text)
    EXTI0_IRQHandler                         0x080002ef   Thumb Code     0  startup_stm32f407xx.o(.text)
    EXTI15_10_IRQHandler                     0x080002ef   Thumb Code     0  startup_stm32f407xx.o(.text)
    EXTI1_IRQHandler                         0x080002ef   Thumb Code     0  startup_stm32f407xx.o(.text)
    EXTI2_IRQHandler                         0x080002ef   Thumb Code     0  startup_stm32f407xx.o(.text)
    EXTI3_IRQHandler                         0x080002ef   Thumb Code     0  startup_stm32f407xx.o(.text)
    EXTI4_IRQHandler                         0x080002ef   Thumb Code     0  startup_stm32f407xx.o(.text)
    EXTI9_5_IRQHandler                       0x080002ef   Thumb Code     0  startup_stm32f407xx.o(.text)
    FLASH_IRQHandler                         0x080002ef   Thumb Code     0  startup_stm32f407xx.o(.text)
    FMC_IRQHandler                           0x080002ef   Thumb Code     0  startup_stm32f407xx.o(.text)
    FPU_IRQHandler                           0x080002ef   Thumb Code     0  startup_stm32f407xx.o(.text)
    HASH_RNG_IRQHandler                      0x080002ef   Thumb Code     0  startup_stm32f407xx.o(.text)
    I2C1_ER_IRQHandler                       0x080002ef   Thumb Code     0  startup_stm32f407xx.o(.text)
    I2C1_EV_IRQHandler                       0x080002ef   Thumb Code     0  startup_stm32f407xx.o(.text)
    I2C2_ER_IRQHandler                       0x080002ef   Thumb Code     0  startup_stm32f407xx.o(.text)
    I2C2_EV_IRQHandler                       0x080002ef   Thumb Code     0  startup_stm32f407xx.o(.text)
    I2C3_ER_IRQHandler                       0x080002ef   Thumb Code     0  startup_stm32f407xx.o(.text)
    I2C3_EV_IRQHandler                       0x080002ef   Thumb Code     0  startup_stm32f407xx.o(.text)
    OTG_FS_IRQHandler                        0x080002ef   Thumb Code     0  startup_stm32f407xx.o(.text)
    OTG_FS_WKUP_IRQHandler                   0x080002ef   Thumb Code     0  startup_stm32f407xx.o(.text)
    OTG_HS_EP1_IN_IRQHandler                 0x080002ef   Thumb Code     0  startup_stm32f407xx.o(.text)
    OTG_HS_EP1_OUT_IRQHandler                0x080002ef   Thumb Code     0  startup_stm32f407xx.o(.text)
    OTG_HS_IRQHandler                        0x080002ef   Thumb Code     0  startup_stm32f407xx.o(.text)
    OTG_HS_WKUP_IRQHandler                   0x080002ef   Thumb Code     0  startup_stm32f407xx.o(.text)
    PVD_IRQHandler                           0x080002ef   Thumb Code     0  startup_stm32f407xx.o(.text)
    RCC_IRQHandler                           0x080002ef   Thumb Code     0  startup_stm32f407xx.o(.text)
    RTC_Alarm_IRQHandler                     0x080002ef   Thumb Code     0  startup_stm32f407xx.o(.text)
    RTC_WKUP_IRQHandler                      0x080002ef   Thumb Code     0  startup_stm32f407xx.o(.text)
    SDIO_IRQHandler                          0x080002ef   Thumb Code     0  startup_stm32f407xx.o(.text)
    SPI1_IRQHandler                          0x080002ef   Thumb Code     0  startup_stm32f407xx.o(.text)
    SPI2_IRQHandler                          0x080002ef   Thumb Code     0  startup_stm32f407xx.o(.text)
    SPI3_IRQHandler                          0x080002ef   Thumb Code     0  startup_stm32f407xx.o(.text)
    TAMP_STAMP_IRQHandler                    0x080002ef   Thumb Code     0  startup_stm32f407xx.o(.text)
    TIM1_BRK_TIM9_IRQHandler                 0x080002ef   Thumb Code     0  startup_stm32f407xx.o(.text)
    TIM1_CC_IRQHandler                       0x080002ef   Thumb Code     0  startup_stm32f407xx.o(.text)
    TIM1_TRG_COM_TIM11_IRQHandler            0x080002ef   Thumb Code     0  startup_stm32f407xx.o(.text)
    TIM1_UP_TIM10_IRQHandler                 0x080002ef   Thumb Code     0  startup_stm32f407xx.o(.text)
    TIM4_IRQHandler                          0x080002ef   Thumb Code     0  startup_stm32f407xx.o(.text)
    TIM5_IRQHandler                          0x080002ef   Thumb Code     0  startup_stm32f407xx.o(.text)
    TIM6_DAC_IRQHandler                      0x080002ef   Thumb Code     0  startup_stm32f407xx.o(.text)
    TIM7_IRQHandler                          0x080002ef   Thumb Code     0  startup_stm32f407xx.o(.text)
    TIM8_BRK_TIM12_IRQHandler                0x080002ef   Thumb Code     0  startup_stm32f407xx.o(.text)
    TIM8_CC_IRQHandler                       0x080002ef   Thumb Code     0  startup_stm32f407xx.o(.text)
    TIM8_TRG_COM_TIM14_IRQHandler            0x080002ef   Thumb Code     0  startup_stm32f407xx.o(.text)
    TIM8_UP_TIM13_IRQHandler                 0x080002ef   Thumb Code     0  startup_stm32f407xx.o(.text)
    UART4_IRQHandler                         0x080002ef   Thumb Code     0  startup_stm32f407xx.o(.text)
    UART5_IRQHandler                         0x080002ef   Thumb Code     0  startup_stm32f407xx.o(.text)
    USART3_IRQHandler                        0x080002ef   Thumb Code     0  startup_stm32f407xx.o(.text)
    WWDG_IRQHandler                          0x080002ef   Thumb Code     0  startup_stm32f407xx.o(.text)
    __user_initial_stackheap                 0x080002f1   Thumb Code     0  startup_stm32f407xx.o(.text)
    vsprintf                                 0x08000315   Thumb Code    32  vsprintf.o(.text)
    __aeabi_memclr                           0x08000339   Thumb Code     0  rt_memclr.o(.text)
    __rt_memclr                              0x08000339   Thumb Code    68  rt_memclr.o(.text)
    _memset                                  0x0800033d   Thumb Code     0  rt_memclr.o(.text)
    __use_two_region_memory                  0x0800037d   Thumb Code     2  heapauxi.o(.text)
    __rt_heap_escrow$2region                 0x0800037f   Thumb Code     2  heapauxi.o(.text)
    __rt_heap_expand$2region                 0x08000381   Thumb Code     2  heapauxi.o(.text)
    _printf_pre_padding                      0x08000383   Thumb Code    44  _printf_pad.o(.text)
    _printf_post_padding                     0x080003af   Thumb Code    34  _printf_pad.o(.text)
    _printf_truncate_signed                  0x080003d1   Thumb Code    18  _printf_truncate.o(.text)
    _printf_truncate_unsigned                0x080003e3   Thumb Code    18  _printf_truncate.o(.text)
    _printf_str                              0x080003f5   Thumb Code    82  _printf_str.o(.text)
    _printf_int_dec                          0x08000449   Thumb Code   104  _printf_dec.o(.text)
    _printf_charcount                        0x080004c1   Thumb Code    40  _printf_charcount.o(.text)
    _printf_char_common                      0x080004f3   Thumb Code    32  _printf_char_common.o(.text)
    _sputc                                   0x08000519   Thumb Code    10  _sputc.o(.text)
    _printf_wctomb                           0x08000525   Thumb Code   182  _printf_wctomb.o(.text)
    _printf_longlong_dec                     0x080005e1   Thumb Code   108  _printf_longlong_dec.o(.text)
    _printf_longlong_oct                     0x0800065d   Thumb Code    66  _printf_oct_int_ll.o(.text)
    _printf_int_oct                          0x0800069f   Thumb Code    24  _printf_oct_int_ll.o(.text)
    _printf_ll_oct                           0x080006b7   Thumb Code    12  _printf_oct_int_ll.o(.text)
    _printf_longlong_hex                     0x080006cd   Thumb Code    86  _printf_hex_int_ll_ptr.o(.text)
    _printf_int_hex                          0x08000723   Thumb Code    28  _printf_hex_int_ll_ptr.o(.text)
    _printf_ll_hex                           0x0800073f   Thumb Code    12  _printf_hex_int_ll_ptr.o(.text)
    _printf_hex_ptr                          0x0800074b   Thumb Code    18  _printf_hex_int_ll_ptr.o(.text)
    __printf                                 0x08000761   Thumb Code   388  __printf_flags_ss_wp.o(.text)
    __aeabi_memclr4                          0x080008e9   Thumb Code     0  rt_memclr_w.o(.text)
    __aeabi_memclr8                          0x080008e9   Thumb Code     0  rt_memclr_w.o(.text)
    __rt_memclr_w                            0x080008e9   Thumb Code    78  rt_memclr_w.o(.text)
    _memset_w                                0x080008ed   Thumb Code     0  rt_memclr_w.o(.text)
    _ll_udiv10                               0x08000937   Thumb Code   138  lludiv10.o(.text)
    _printf_int_common                       0x080009c1   Thumb Code   178  _printf_intcommon.o(.text)
    __lib_sel_fp_printf                      0x08000a73   Thumb Code     2  _printf_fp_dec.o(.text)
    _printf_fp_dec_real                      0x08000c25   Thumb Code   620  _printf_fp_dec.o(.text)
    _printf_fp_hex_real                      0x08000e91   Thumb Code   756  _printf_fp_hex.o(.text)
    _printf_cs_common                        0x0800118d   Thumb Code    20  _printf_char.o(.text)
    _printf_char                             0x080011a1   Thumb Code    16  _printf_char.o(.text)
    _printf_string                           0x080011b1   Thumb Code     8  _printf_char.o(.text)
    _printf_lcs_common                       0x080011b9   Thumb Code    20  _printf_wchar.o(.text)
    _printf_wchar                            0x080011cd   Thumb Code    16  _printf_wchar.o(.text)
    _printf_wstring                          0x080011dd   Thumb Code     8  _printf_wchar.o(.text)
    _wcrtomb                                 0x080011e5   Thumb Code    64  _wcrtomb.o(.text)
    __user_setup_stackheap                   0x08001225   Thumb Code    74  sys_stackheap_outer.o(.text)
    __rt_ctype_table                         0x08001271   Thumb Code    16  rt_ctype_table.o(.text)
    __rt_locale                              0x08001281   Thumb Code     8  rt_locale_intlibspace.o(.text)
    _printf_fp_infnan                        0x08001289   Thumb Code   112  _printf_fp_infnan.o(.text)
    _btod_etento                             0x08001309   Thumb Code   224  bigflt0.o(.text)
    exit                                     0x080013ed   Thumb Code    18  exit.o(.text)
    __user_libspace                          0x08001401   Thumb Code     8  libspace.o(.text)
    __user_perproc_libspace                  0x08001401   Thumb Code     0  libspace.o(.text)
    __user_perthread_libspace                0x08001401   Thumb Code     0  libspace.o(.text)
    strcmp                                   0x08001409   Thumb Code   128  strcmpv7m.o(.text)
    _sys_exit                                0x08001489   Thumb Code     8  sys_exit.o(.text)
    __I$use$semihosting                      0x08001495   Thumb Code     0  use_no_semi.o(.text)
    __use_no_semihosting_swi                 0x08001495   Thumb Code     2  use_no_semi.o(.text)
    __semihosting_library_function           0x08001497   Thumb Code     0  indicate_semi.o(.text)
    _btod_d2e                                0x08001497   Thumb Code    62  btod.o(CL$$btod_d2e)
    _d2e_denorm_low                          0x080014d5   Thumb Code    70  btod.o(CL$$btod_d2e_denorm_low)
    _d2e_norm_op1                            0x0800151b   Thumb Code    96  btod.o(CL$$btod_d2e_norm_op1)
    __btod_div_common                        0x0800157b   Thumb Code   696  btod.o(CL$$btod_div_common)
    _e2e                                     0x080018b3   Thumb Code   220  btod.o(CL$$btod_e2e)
    _btod_ediv                               0x0800198f   Thumb Code    42  btod.o(CL$$btod_ediv)
    _btod_emul                               0x080019b9   Thumb Code    42  btod.o(CL$$btod_emul)
    __btod_mult_common                       0x080019e3   Thumb Code   580  btod.o(CL$$btod_mult_common)
    BusFault_Handler                         0x08001c27   Thumb Code     4  stm32f4xx_it.o(i.BusFault_Handler)
    DebugMon_Handler                         0x08001c2b   Thumb Code     2  stm32f4xx_it.o(i.DebugMon_Handler)
    GPIO_Init                                0x08001c2d   Thumb Code   144  stm32f4xx_gpio.o(i.GPIO_Init)
    GPIO_PinAFConfig                         0x08001cbd   Thumb Code    70  stm32f4xx_gpio.o(i.GPIO_PinAFConfig)
    GPIO_ResetBits                           0x08001d03   Thumb Code     6  stm32f4xx_gpio.o(i.GPIO_ResetBits)
    GPIO_SetBits                             0x08001d09   Thumb Code     4  stm32f4xx_gpio.o(i.GPIO_SetBits)
    HardFault_Handler                        0x08001d0d   Thumb Code     4  stm32f4xx_it.o(i.HardFault_Handler)
    MemManage_Handler                        0x08001d11   Thumb Code     4  stm32f4xx_it.o(i.MemManage_Handler)
    Modbus_Mode_Init                         0x08001d15   Thumb Code   198  modbus.o(i.Modbus_Mode_Init)
    NMI_Handler                              0x08001de9   Thumb Code     2  stm32f4xx_it.o(i.NMI_Handler)
    NVIC_Init                                0x08001e11   Thumb Code   106  misc.o(i.NVIC_Init)
    NVIC_PriorityGroupConfig                 0x08001e89   Thumb Code    10  misc.o(i.NVIC_PriorityGroupConfig)
    NiM_Position_Mode                        0x08001e9d   Thumb Code   206  nimotiontest.o(i.NiM_Position_Mode)
    NiM_changeWorkMode                       0x08001f6b   Thumb Code    30  nimotion.o(i.NiM_changeWorkMode)
    NiM_clearErrorState                      0x08001f89   Thumb Code    34  nimotion.o(i.NiM_clearErrorState)
    NiM_isMotorOnline                        0x08001fab   Thumb Code    34  nimotion.o(i.NiM_isMotorOnline)
    NiM_moveAbsolute                         0x08001fcd   Thumb Code   176  nimotion.o(i.NiM_moveAbsolute)
    NiM_powerOff                             0x0800207d   Thumb Code    34  nimotion.o(i.NiM_powerOff)
    NiM_powerOn                              0x0800209f   Thumb Code    98  nimotion.o(i.NiM_powerOn)
    NiM_readParam                            0x08002101   Thumb Code   392  nimotion.o(i.NiM_readParam)
    NiM_writeParam                           0x080022c9   Thumb Code   448  nimotion.o(i.NiM_writeParam)
    PendSV_Handler                           0x0800249d   Thumb Code     2  stm32f4xx_it.o(i.PendSV_Handler)
    RCC_AHB1PeriphClockCmd                   0x080024a1   Thumb Code    26  stm32f4xx_rcc.o(i.RCC_AHB1PeriphClockCmd)
    RCC_APB1PeriphClockCmd                   0x080024c1   Thumb Code    26  stm32f4xx_rcc.o(i.RCC_APB1PeriphClockCmd)
    RCC_APB2PeriphClockCmd                   0x080024e1   Thumb Code    26  stm32f4xx_rcc.o(i.RCC_APB2PeriphClockCmd)
    RCC_GetClocksFreq                        0x08002501   Thumb Code   214  stm32f4xx_rcc.o(i.RCC_GetClocksFreq)
    SVC_Handler                              0x080025e9   Thumb Code     2  stm32f4xx_it.o(i.SVC_Handler)
    Serial_Init                              0x080025ed   Thumb Code   222  serial.o(i.Serial_Init)
    Serial_Printf                            0x080026d5   Thumb Code    36  serial.o(i.Serial_Printf)
    Serial_SendByte                          0x080026f9   Thumb Code    28  serial.o(i.Serial_SendByte)
    Serial_SendString                        0x08002719   Thumb Code    26  serial.o(i.Serial_SendString)
    SysTick_CLKSourceConfig                  0x08002733   Thumb Code    40  misc.o(i.SysTick_CLKSourceConfig)
    SysTick_Handler                          0x0800275b   Thumb Code     8  stm32f4xx_it.o(i.SysTick_Handler)
    SystemInit                               0x08002765   Thumb Code    14  system_stm32f4xx.o(i.SystemInit)
    TIM2_IRQHandler                          0x08002779   Thumb Code    34  timer.o(i.TIM2_IRQHandler)
    TIM2_Int_Init                            0x080027a1   Thumb Code   134  timer.o(i.TIM2_Int_Init)
    TIM3_IRQHandler                          0x0800283d   Thumb Code    28  timer.o(i.TIM3_IRQHandler)
    TIM3_Int_Init                            0x08002861   Thumb Code   116  timer.o(i.TIM3_Int_Init)
    TIM_ClearITPendingBit                    0x080028ed   Thumb Code     6  stm32f4xx_tim.o(i.TIM_ClearITPendingBit)
    TIM_Cmd                                  0x080028f3   Thumb Code    24  stm32f4xx_tim.o(i.TIM_Cmd)
    TIM_GetITStatus                          0x0800290b   Thumb Code    34  stm32f4xx_tim.o(i.TIM_GetITStatus)
    TIM_ITConfig                             0x0800292d   Thumb Code    18  stm32f4xx_tim.o(i.TIM_ITConfig)
    TIM_SetCounter                           0x0800293f   Thumb Code     4  stm32f4xx_tim.o(i.TIM_SetCounter)
    TIM_TimeBaseInit                         0x08002945   Thumb Code   104  stm32f4xx_tim.o(i.TIM_TimeBaseInit)
    TimingDelay_Decrement                    0x080029c9   Thumb Code    18  stm32f4xx_it.o(i.TimingDelay_Decrement)
    Turn_Init                                0x080029e1   Thumb Code   212  serial.o(i.Turn_Init)
    USART1_IRQHandler                        0x08002abd   Thumb Code    38  serial.o(i.USART1_IRQHandler)
    USART2_IRQHandler                        0x08002aed   Thumb Code    82  modbus.o(i.USART2_IRQHandler)
    USART6_IRQHandler                        0x08002b51   Thumb Code   120  serial.o(i.USART6_IRQHandler)
    USART_ClearFlag                          0x08002bd9   Thumb Code    18  stm32f4xx_usart.o(i.USART_ClearFlag)
    USART_ClearITPendingBit                  0x08002beb   Thumb Code    30  stm32f4xx_usart.o(i.USART_ClearITPendingBit)
    USART_Cmd                                0x08002c09   Thumb Code    24  stm32f4xx_usart.o(i.USART_Cmd)
    USART_GetFlagStatus                      0x08002c21   Thumb Code    26  stm32f4xx_usart.o(i.USART_GetFlagStatus)
    USART_GetITStatus                        0x08002c3b   Thumb Code    84  stm32f4xx_usart.o(i.USART_GetITStatus)
    USART_ITConfig                           0x08002c8f   Thumb Code    74  stm32f4xx_usart.o(i.USART_ITConfig)
    USART_Init                               0x08002cd9   Thumb Code   204  stm32f4xx_usart.o(i.USART_Init)
    USART_ReceiveData                        0x08002dad   Thumb Code    10  stm32f4xx_usart.o(i.USART_ReceiveData)
    USART_SendData                           0x08002db7   Thumb Code     8  stm32f4xx_usart.o(i.USART_SendData)
    USART_Send_Buffer                        0x08002dc1   Thumb Code    80  modbus.o(i.USART_Send_Buffer)
    UsageFault_Handler                       0x08002e1d   Thumb Code     4  stm32f4xx_it.o(i.UsageFault_Handler)
    __ARM_fpclassify                         0x08002e21   Thumb Code    48  fpclassify.o(i.__ARM_fpclassify)
    _is_digit                                0x08002e51   Thumb Code    14  __printf_wp.o(i._is_digit)
    delay_init                               0x08002e61   Thumb Code    50  delay.o(i.delay_init)
    delay_ms                                 0x08002ea5   Thumb Code    72  delay.o(i.delay_ms)
    main                                     0x08002ef1   Thumb Code   138  main.o(i.main)
    map_value                                0x08002f91   Thumb Code    46  main.o(i.map_value)
    usMBCRC16                                0x08002fc1   Thumb Code    48  modbus.o(i.usMBCRC16)
    _get_lc_numeric                          0x08002ff9   Thumb Code    44  lc_numeric_c.o(locale$$code)
    _get_lc_ctype                            0x08003025   Thumb Code    44  lc_ctype_c.o(locale$$code)
    _fp_init                                 0x08003051   Thumb Code    10  fpinit.o(x$fpl$fpinit)
    __fplib_config_fpu_vfp                   0x08003059   Thumb Code     0  fpinit.o(x$fpl$fpinit)
    __fplib_config_pureend_doubles           0x08003059   Thumb Code     0  fpinit.o(x$fpl$fpinit)
    _printf_fp_dec                           0x0800305b   Thumb Code     4  printf1.o(x$fpl$printf1)
    _printf_fp_hex                           0x0800305f   Thumb Code     4  printf2.o(x$fpl$printf2)
    __I$use$fp                               0x08003062   Number         0  usenofp.o(x$fpl$usenofp)
    Region$$Table$$Base                      0x08003360   Number         0  anon$$obj.o(Region$$Table)
    Region$$Table$$Limit                     0x08003380   Number         0  anon$$obj.o(Region$$Table)
    __ctype                                  0x080033a9   Data           0  lc_ctype_c.o(locale$$data)
    err                                      0x20000000   Data           1  main.o(.data)
    baud                                     0x20000002   Data           2  main.o(.data)
    Serial_RxData                            0x20000008   Data           2  serial.o(.data)
    TURN_DATA                                0x2000000a   Data           2  serial.o(.data)
    Serial_RxFlag                            0x2000000c   Data           1  serial.o(.data)
    RxBuffer                                 0x2000000d   Data           2  serial.o(.data)
    RxCounter                                0x20000010   Data           2  serial.o(.data)
    received_data                            0x20000012   Data           2  serial.o(.data)
    turn_flag                                0x20000014   Data           4  serial.o(.data)
    RS485_RX_CNT                             0x2000001c   Data           1  modbus.o(.data)
    RTU_FLAG                                 0x2000001e   Data           2  modbus.o(.data)
    tr                                       0x20000020   Data           4  nimotion.o(.data)
    a                                        0x20000024   Data           4  nimotion.o(.data)
    sdo_recv_cnt                             0x20000028   Data           4  nimotion.o(.data)
    timer2_cnt                               0x2000002c   Data           4  nimotion.o(.data)
    fvalv                                    0x20000030   Data           2  nimotion.o(.data)
    FLAG                                     0x20000032   Data           1  timer.o(.data)
    SystemCoreClock                          0x20000044   Data           4  system_stm32f4xx.o(.data)
    RS485_RX_BUF                             0x20000048   Data          64  modbus.o(.bss)
    sdo_recv_msg                             0x20000088   Data          20  nimotion.o(.bss)
    tpdo2                                    0x2000009c   Data          20  nimotion.o(.bss)
    tpdo3                                    0x200000b0   Data          20  nimotion.o(.bss)
    tpdo4                                    0x200000c4   Data          20  nimotion.o(.bss)
    buffer                                   0x200000d8   Data          20  nimotion.o(.bss)
    __libspace_start                         0x200000ec   Data          96  libspace.o(.bss)
    __temporary_stack_top$libspace           0x2000014c   Data           0  libspace.o(.bss)



==============================================================================

Memory Map of the image

  Image Entry point : 0x08000189

  Load Region LR_IROM1 (Base: 0x08000000, Size: 0x000034f4, Max: 0x00080000, ABSOLUTE)

    Execution Region ER_IROM1 (Exec base: 0x08000000, Load base: 0x08000000, Size: 0x000034ac, Max: 0x00080000, ABSOLUTE)

    Exec Addr    Load Addr    Size         Type   Attr      Idx    E Section Name        Object

    0x08000000   0x08000000   0x00000188   Data   RO         5711    RESET               startup_stm32f407xx.o
    0x08000188   0x08000188   0x00000008   Code   RO         5761  * !!!main             c_w.l(__main.o)
    0x08000190   0x08000190   0x00000034   Code   RO         6084    !!!scatter          c_w.l(__scatter.o)
    0x080001c4   0x080001c4   0x0000001a   Code   RO         6086    !!handler_copy      c_w.l(__scatter_copy.o)
    0x080001de   0x080001de   0x00000002   PAD
    0x080001e0   0x080001e0   0x0000001c   Code   RO         6088    !!handler_zi        c_w.l(__scatter_zi.o)
    0x080001fc   0x080001fc   0x00000000   Code   RO         5845    .ARM.Collect$$_printf_percent$$00000000  c_w.l(_printf_percent.o)
    0x080001fc   0x080001fc   0x00000006   Code   RO         5834    .ARM.Collect$$_printf_percent$$00000001  c_w.l(_printf_n.o)
    0x08000202   0x08000202   0x00000006   Code   RO         5836    .ARM.Collect$$_printf_percent$$00000002  c_w.l(_printf_p.o)
    0x08000208   0x08000208   0x00000006   Code   RO         5841    .ARM.Collect$$_printf_percent$$00000003  c_w.l(_printf_f.o)
    0x0800020e   0x0800020e   0x00000006   Code   RO         5842    .ARM.Collect$$_printf_percent$$00000004  c_w.l(_printf_e.o)
    0x08000214   0x08000214   0x00000006   Code   RO         5843    .ARM.Collect$$_printf_percent$$00000005  c_w.l(_printf_g.o)
    0x0800021a   0x0800021a   0x00000006   Code   RO         5844    .ARM.Collect$$_printf_percent$$00000006  c_w.l(_printf_a.o)
    0x08000220   0x08000220   0x0000000a   Code   RO         5849    .ARM.Collect$$_printf_percent$$00000007  c_w.l(_printf_ll.o)
    0x0800022a   0x0800022a   0x00000006   Code   RO         5838    .ARM.Collect$$_printf_percent$$00000008  c_w.l(_printf_i.o)
    0x08000230   0x08000230   0x00000006   Code   RO         5839    .ARM.Collect$$_printf_percent$$00000009  c_w.l(_printf_d.o)
    0x08000236   0x08000236   0x00000006   Code   RO         5840    .ARM.Collect$$_printf_percent$$0000000A  c_w.l(_printf_u.o)
    0x0800023c   0x0800023c   0x00000006   Code   RO         5837    .ARM.Collect$$_printf_percent$$0000000B  c_w.l(_printf_o.o)
    0x08000242   0x08000242   0x00000006   Code   RO         5835    .ARM.Collect$$_printf_percent$$0000000C  c_w.l(_printf_x.o)
    0x08000248   0x08000248   0x00000006   Code   RO         5846    .ARM.Collect$$_printf_percent$$0000000D  c_w.l(_printf_lli.o)
    0x0800024e   0x0800024e   0x00000006   Code   RO         5847    .ARM.Collect$$_printf_percent$$0000000E  c_w.l(_printf_lld.o)
    0x08000254   0x08000254   0x00000006   Code   RO         5848    .ARM.Collect$$_printf_percent$$0000000F  c_w.l(_printf_llu.o)
    0x0800025a   0x0800025a   0x00000006   Code   RO         5853    .ARM.Collect$$_printf_percent$$00000010  c_w.l(_printf_llo.o)
    0x08000260   0x08000260   0x00000006   Code   RO         5854    .ARM.Collect$$_printf_percent$$00000011  c_w.l(_printf_llx.o)
    0x08000266   0x08000266   0x0000000a   Code   RO         5850    .ARM.Collect$$_printf_percent$$00000012  c_w.l(_printf_l.o)
    0x08000270   0x08000270   0x00000006   Code   RO         5832    .ARM.Collect$$_printf_percent$$00000013  c_w.l(_printf_c.o)
    0x08000276   0x08000276   0x00000006   Code   RO         5833    .ARM.Collect$$_printf_percent$$00000014  c_w.l(_printf_s.o)
    0x0800027c   0x0800027c   0x00000006   Code   RO         5851    .ARM.Collect$$_printf_percent$$00000015  c_w.l(_printf_lc.o)
    0x08000282   0x08000282   0x00000006   Code   RO         5852    .ARM.Collect$$_printf_percent$$00000016  c_w.l(_printf_ls.o)
    0x08000288   0x08000288   0x00000004   Code   RO         5895    .ARM.Collect$$_printf_percent$$00000017  c_w.l(_printf_percent_end.o)
    0x0800028c   0x0800028c   0x00000002   Code   RO         5944    .ARM.Collect$$libinit$$00000000  c_w.l(libinit.o)
    0x0800028e   0x0800028e   0x00000004   Code   RO         5960    .ARM.Collect$$libinit$$00000001  c_w.l(libinit2.o)
    0x08000292   0x08000292   0x00000000   Code   RO         5963    .ARM.Collect$$libinit$$00000004  c_w.l(libinit2.o)
    0x08000292   0x08000292   0x00000000   Code   RO         5966    .ARM.Collect$$libinit$$0000000A  c_w.l(libinit2.o)
    0x08000292   0x08000292   0x00000000   Code   RO         5968    .ARM.Collect$$libinit$$0000000C  c_w.l(libinit2.o)
    0x08000292   0x08000292   0x00000000   Code   RO         5970    .ARM.Collect$$libinit$$0000000E  c_w.l(libinit2.o)
    0x08000292   0x08000292   0x00000006   Code   RO         5971    .ARM.Collect$$libinit$$0000000F  c_w.l(libinit2.o)
    0x08000298   0x08000298   0x00000000   Code   RO         5973    .ARM.Collect$$libinit$$00000011  c_w.l(libinit2.o)
    0x08000298   0x08000298   0x0000000c   Code   RO         5974    .ARM.Collect$$libinit$$00000012  c_w.l(libinit2.o)
    0x080002a4   0x080002a4   0x00000000   Code   RO         5975    .ARM.Collect$$libinit$$00000013  c_w.l(libinit2.o)
    0x080002a4   0x080002a4   0x00000000   Code   RO         5977    .ARM.Collect$$libinit$$00000015  c_w.l(libinit2.o)
    0x080002a4   0x080002a4   0x0000000a   Code   RO         5978    .ARM.Collect$$libinit$$00000016  c_w.l(libinit2.o)
    0x080002ae   0x080002ae   0x00000000   Code   RO         5979    .ARM.Collect$$libinit$$00000017  c_w.l(libinit2.o)
    0x080002ae   0x080002ae   0x00000000   Code   RO         5981    .ARM.Collect$$libinit$$00000019  c_w.l(libinit2.o)
    0x080002ae   0x080002ae   0x00000000   Code   RO         5983    .ARM.Collect$$libinit$$0000001B  c_w.l(libinit2.o)
    0x080002ae   0x080002ae   0x00000000   Code   RO         5985    .ARM.Collect$$libinit$$0000001D  c_w.l(libinit2.o)
    0x080002ae   0x080002ae   0x00000000   Code   RO         5987    .ARM.Collect$$libinit$$0000001F  c_w.l(libinit2.o)
    0x080002ae   0x080002ae   0x00000000   Code   RO         5989    .ARM.Collect$$libinit$$00000021  c_w.l(libinit2.o)
    0x080002ae   0x080002ae   0x00000000   Code   RO         5991    .ARM.Collect$$libinit$$00000023  c_w.l(libinit2.o)
    0x080002ae   0x080002ae   0x00000000   Code   RO         5993    .ARM.Collect$$libinit$$00000025  c_w.l(libinit2.o)
    0x080002ae   0x080002ae   0x00000000   Code   RO         5997    .ARM.Collect$$libinit$$0000002C  c_w.l(libinit2.o)
    0x080002ae   0x080002ae   0x00000000   Code   RO         5999    .ARM.Collect$$libinit$$0000002E  c_w.l(libinit2.o)
    0x080002ae   0x080002ae   0x00000000   Code   RO         6001    .ARM.Collect$$libinit$$00000030  c_w.l(libinit2.o)
    0x080002ae   0x080002ae   0x00000000   Code   RO         6003    .ARM.Collect$$libinit$$00000032  c_w.l(libinit2.o)
    0x080002ae   0x080002ae   0x00000002   Code   RO         6004    .ARM.Collect$$libinit$$00000033  c_w.l(libinit2.o)
    0x080002b0   0x080002b0   0x00000002   Code   RO         6024    .ARM.Collect$$libshutdown$$00000000  c_w.l(libshutdown.o)
    0x080002b2   0x080002b2   0x00000000   Code   RO         6037    .ARM.Collect$$libshutdown$$00000002  c_w.l(libshutdown2.o)
    0x080002b2   0x080002b2   0x00000000   Code   RO         6039    .ARM.Collect$$libshutdown$$00000004  c_w.l(libshutdown2.o)
    0x080002b2   0x080002b2   0x00000000   Code   RO         6042    .ARM.Collect$$libshutdown$$00000007  c_w.l(libshutdown2.o)
    0x080002b2   0x080002b2   0x00000000   Code   RO         6045    .ARM.Collect$$libshutdown$$0000000A  c_w.l(libshutdown2.o)
    0x080002b2   0x080002b2   0x00000000   Code   RO         6047    .ARM.Collect$$libshutdown$$0000000C  c_w.l(libshutdown2.o)
    0x080002b2   0x080002b2   0x00000000   Code   RO         6050    .ARM.Collect$$libshutdown$$0000000F  c_w.l(libshutdown2.o)
    0x080002b2   0x080002b2   0x00000002   Code   RO         6051    .ARM.Collect$$libshutdown$$00000010  c_w.l(libshutdown2.o)
    0x080002b4   0x080002b4   0x00000000   Code   RO         5763    .ARM.Collect$$rtentry$$00000000  c_w.l(__rtentry.o)
    0x080002b4   0x080002b4   0x00000000   Code   RO         5866    .ARM.Collect$$rtentry$$00000002  c_w.l(__rtentry2.o)
    0x080002b4   0x080002b4   0x00000006   Code   RO         5878    .ARM.Collect$$rtentry$$00000004  c_w.l(__rtentry4.o)
    0x080002ba   0x080002ba   0x00000000   Code   RO         5868    .ARM.Collect$$rtentry$$00000009  c_w.l(__rtentry2.o)
    0x080002ba   0x080002ba   0x00000004   Code   RO         5869    .ARM.Collect$$rtentry$$0000000A  c_w.l(__rtentry2.o)
    0x080002be   0x080002be   0x00000000   Code   RO         5871    .ARM.Collect$$rtentry$$0000000C  c_w.l(__rtentry2.o)
    0x080002be   0x080002be   0x00000008   Code   RO         5872    .ARM.Collect$$rtentry$$0000000D  c_w.l(__rtentry2.o)
    0x080002c6   0x080002c6   0x00000002   Code   RO         5953    .ARM.Collect$$rtexit$$00000000  c_w.l(rtexit.o)
    0x080002c8   0x080002c8   0x00000000   Code   RO         6006    .ARM.Collect$$rtexit$$00000002  c_w.l(rtexit2.o)
    0x080002c8   0x080002c8   0x00000004   Code   RO         6007    .ARM.Collect$$rtexit$$00000003  c_w.l(rtexit2.o)
    0x080002cc   0x080002cc   0x00000006   Code   RO         6008    .ARM.Collect$$rtexit$$00000004  c_w.l(rtexit2.o)
    0x080002d2   0x080002d2   0x00000002   PAD
    0x080002d4   0x080002d4   0x00000040   Code   RO         5712    .text               startup_stm32f407xx.o
    0x08000314   0x08000314   0x00000024   Code   RO         5755    .text               c_w.l(vsprintf.o)
    0x08000338   0x08000338   0x00000044   Code   RO         5757    .text               c_w.l(rt_memclr.o)
    0x0800037c   0x0800037c   0x00000006   Code   RO         5759    .text               c_w.l(heapauxi.o)
    0x08000382   0x08000382   0x0000004e   Code   RO         5766    .text               c_w.l(_printf_pad.o)
    0x080003d0   0x080003d0   0x00000024   Code   RO         5768    .text               c_w.l(_printf_truncate.o)
    0x080003f4   0x080003f4   0x00000052   Code   RO         5770    .text               c_w.l(_printf_str.o)
    0x08000446   0x08000446   0x00000002   PAD
    0x08000448   0x08000448   0x00000078   Code   RO         5772    .text               c_w.l(_printf_dec.o)
    0x080004c0   0x080004c0   0x00000028   Code   RO         5774    .text               c_w.l(_printf_charcount.o)
    0x080004e8   0x080004e8   0x00000030   Code   RO         5776    .text               c_w.l(_printf_char_common.o)
    0x08000518   0x08000518   0x0000000a   Code   RO         5778    .text               c_w.l(_sputc.o)
    0x08000522   0x08000522   0x00000002   PAD
    0x08000524   0x08000524   0x000000bc   Code   RO         5780    .text               c_w.l(_printf_wctomb.o)
    0x080005e0   0x080005e0   0x0000007c   Code   RO         5783    .text               c_w.l(_printf_longlong_dec.o)
    0x0800065c   0x0800065c   0x00000070   Code   RO         5789    .text               c_w.l(_printf_oct_int_ll.o)
    0x080006cc   0x080006cc   0x00000094   Code   RO         5809    .text               c_w.l(_printf_hex_int_ll_ptr.o)
    0x08000760   0x08000760   0x00000188   Code   RO         5829    .text               c_w.l(__printf_flags_ss_wp.o)
    0x080008e8   0x080008e8   0x0000004e   Code   RO         5855    .text               c_w.l(rt_memclr_w.o)
    0x08000936   0x08000936   0x0000008a   Code   RO         5880    .text               c_w.l(lludiv10.o)
    0x080009c0   0x080009c0   0x000000b2   Code   RO         5882    .text               c_w.l(_printf_intcommon.o)
    0x08000a72   0x08000a72   0x0000041e   Code   RO         5884    .text               c_w.l(_printf_fp_dec.o)
    0x08000e90   0x08000e90   0x000002fc   Code   RO         5886    .text               c_w.l(_printf_fp_hex.o)
    0x0800118c   0x0800118c   0x0000002c   Code   RO         5891    .text               c_w.l(_printf_char.o)
    0x080011b8   0x080011b8   0x0000002c   Code   RO         5893    .text               c_w.l(_printf_wchar.o)
    0x080011e4   0x080011e4   0x00000040   Code   RO         5896    .text               c_w.l(_wcrtomb.o)
    0x08001224   0x08001224   0x0000004a   Code   RO         5898    .text               c_w.l(sys_stackheap_outer.o)
    0x0800126e   0x0800126e   0x00000002   PAD
    0x08001270   0x08001270   0x00000010   Code   RO         5900    .text               c_w.l(rt_ctype_table.o)
    0x08001280   0x08001280   0x00000008   Code   RO         5905    .text               c_w.l(rt_locale_intlibspace.o)
    0x08001288   0x08001288   0x00000080   Code   RO         5907    .text               c_w.l(_printf_fp_infnan.o)
    0x08001308   0x08001308   0x000000e4   Code   RO         5909    .text               c_w.l(bigflt0.o)
    0x080013ec   0x080013ec   0x00000012   Code   RO         5937    .text               c_w.l(exit.o)
    0x080013fe   0x080013fe   0x00000002   PAD
    0x08001400   0x08001400   0x00000008   Code   RO         5950    .text               c_w.l(libspace.o)
    0x08001408   0x08001408   0x00000080   Code   RO         5958    .text               c_w.l(strcmpv7m.o)
    0x08001488   0x08001488   0x0000000c   Code   RO         6016    .text               c_w.l(sys_exit.o)
    0x08001494   0x08001494   0x00000002   Code   RO         6027    .text               c_w.l(use_no_semi.o)
    0x08001496   0x08001496   0x00000000   Code   RO         6029    .text               c_w.l(indicate_semi.o)
    0x08001496   0x08001496   0x0000003e   Code   RO         5912    CL$$btod_d2e        c_w.l(btod.o)
    0x080014d4   0x080014d4   0x00000046   Code   RO         5914    CL$$btod_d2e_denorm_low  c_w.l(btod.o)
    0x0800151a   0x0800151a   0x00000060   Code   RO         5913    CL$$btod_d2e_norm_op1  c_w.l(btod.o)
    0x0800157a   0x0800157a   0x00000338   Code   RO         5922    CL$$btod_div_common  c_w.l(btod.o)
    0x080018b2   0x080018b2   0x000000dc   Code   RO         5919    CL$$btod_e2e        c_w.l(btod.o)
    0x0800198e   0x0800198e   0x0000002a   Code   RO         5916    CL$$btod_ediv       c_w.l(btod.o)
    0x080019b8   0x080019b8   0x0000002a   Code   RO         5915    CL$$btod_emul       c_w.l(btod.o)
    0x080019e2   0x080019e2   0x00000244   Code   RO         5921    CL$$btod_mult_common  c_w.l(btod.o)
    0x08001c26   0x08001c26   0x00000004   Code   RO          211    i.BusFault_Handler  stm32f4xx_it.o
    0x08001c2a   0x08001c2a   0x00000002   Code   RO          212    i.DebugMon_Handler  stm32f4xx_it.o
    0x08001c2c   0x08001c2c   0x00000090   Code   RO         2539    i.GPIO_Init         stm32f4xx_gpio.o
    0x08001cbc   0x08001cbc   0x00000046   Code   RO         2540    i.GPIO_PinAFConfig  stm32f4xx_gpio.o
    0x08001d02   0x08001d02   0x00000006   Code   RO         2546    i.GPIO_ResetBits    stm32f4xx_gpio.o
    0x08001d08   0x08001d08   0x00000004   Code   RO         2547    i.GPIO_SetBits      stm32f4xx_gpio.o
    0x08001d0c   0x08001d0c   0x00000004   Code   RO          213    i.HardFault_Handler  stm32f4xx_it.o
    0x08001d10   0x08001d10   0x00000004   Code   RO          214    i.MemManage_Handler  stm32f4xx_it.o
    0x08001d14   0x08001d14   0x000000d4   Code   RO          471    i.Modbus_Mode_Init  modbus.o
    0x08001de8   0x08001de8   0x00000002   Code   RO          215    i.NMI_Handler       stm32f4xx_it.o
    0x08001dea   0x08001dea   0x00000026   Code   RO          472    i.NVIC_Configuration  modbus.o
    0x08001e10   0x08001e10   0x00000078   Code   RO          763    i.NVIC_Init         misc.o
    0x08001e88   0x08001e88   0x00000014   Code   RO          764    i.NVIC_PriorityGroupConfig  misc.o
    0x08001e9c   0x08001e9c   0x000000ce   Code   RO          172    i.NiM_Position_Mode  nimotiontest.o
    0x08001f6a   0x08001f6a   0x0000001e   Code   RO          534    i.NiM_changeWorkMode  nimotion.o
    0x08001f88   0x08001f88   0x00000022   Code   RO          535    i.NiM_clearErrorState  nimotion.o
    0x08001faa   0x08001faa   0x00000022   Code   RO          542    i.NiM_isMotorOnline  nimotion.o
    0x08001fcc   0x08001fcc   0x000000b0   Code   RO          544    i.NiM_moveAbsolute  nimotion.o
    0x0800207c   0x0800207c   0x00000022   Code   RO          548    i.NiM_powerOff      nimotion.o
    0x0800209e   0x0800209e   0x00000062   Code   RO          549    i.NiM_powerOn       nimotion.o
    0x08002100   0x08002100   0x000001c8   Code   RO          550    i.NiM_readParam     nimotion.o
    0x080022c8   0x080022c8   0x000001d4   Code   RO          554    i.NiM_writeParam    nimotion.o
    0x0800249c   0x0800249c   0x00000002   Code   RO          216    i.PendSV_Handler    stm32f4xx_it.o
    0x0800249e   0x0800249e   0x00000002   PAD
    0x080024a0   0x080024a0   0x00000020   Code   RO         3480    i.RCC_AHB1PeriphClockCmd  stm32f4xx_rcc.o
    0x080024c0   0x080024c0   0x00000020   Code   RO         3489    i.RCC_APB1PeriphClockCmd  stm32f4xx_rcc.o
    0x080024e0   0x080024e0   0x00000020   Code   RO         3492    i.RCC_APB2PeriphClockCmd  stm32f4xx_rcc.o
    0x08002500   0x08002500   0x000000e8   Code   RO         3501    i.RCC_GetClocksFreq  stm32f4xx_rcc.o
    0x080025e8   0x080025e8   0x00000002   Code   RO          217    i.SVC_Handler       stm32f4xx_it.o
    0x080025ea   0x080025ea   0x00000002   PAD
    0x080025ec   0x080025ec   0x000000e8   Code   RO          317    i.Serial_Init       serial.o
    0x080026d4   0x080026d4   0x00000024   Code   RO          319    i.Serial_Printf     serial.o
    0x080026f8   0x080026f8   0x00000020   Code   RO          321    i.Serial_SendByte   serial.o
    0x08002718   0x08002718   0x0000001a   Code   RO          323    i.Serial_SendString  serial.o
    0x08002732   0x08002732   0x00000028   Code   RO          767    i.SysTick_CLKSourceConfig  misc.o
    0x0800275a   0x0800275a   0x00000008   Code   RO          218    i.SysTick_Handler   stm32f4xx_it.o
    0x08002762   0x08002762   0x00000002   PAD
    0x08002764   0x08002764   0x00000014   Code   RO         5720    i.SystemInit        system_stm32f4xx.o
    0x08002778   0x08002778   0x00000028   Code   RO          699    i.TIM2_IRQHandler   timer.o
    0x080027a0   0x080027a0   0x0000009c   Code   RO          700    i.TIM2_Int_Init     timer.o
    0x0800283c   0x0800283c   0x00000024   Code   RO          701    i.TIM3_IRQHandler   timer.o
    0x08002860   0x08002860   0x0000008c   Code   RO          702    i.TIM3_Int_Init     timer.o
    0x080028ec   0x080028ec   0x00000006   Code   RO         4886    i.TIM_ClearITPendingBit  stm32f4xx_tim.o
    0x080028f2   0x080028f2   0x00000018   Code   RO         4891    i.TIM_Cmd           stm32f4xx_tim.o
    0x0800290a   0x0800290a   0x00000022   Code   RO         4912    i.TIM_GetITStatus   stm32f4xx_tim.o
    0x0800292c   0x0800292c   0x00000012   Code   RO         4916    i.TIM_ITConfig      stm32f4xx_tim.o
    0x0800293e   0x0800293e   0x00000004   Code   RO         4957    i.TIM_SetCounter    stm32f4xx_tim.o
    0x08002942   0x08002942   0x00000002   PAD
    0x08002944   0x08002944   0x00000084   Code   RO         4963    i.TIM_TimeBaseInit  stm32f4xx_tim.o
    0x080029c8   0x080029c8   0x00000018   Code   RO          219    i.TimingDelay_Decrement  stm32f4xx_it.o
    0x080029e0   0x080029e0   0x000000dc   Code   RO          324    i.Turn_Init         serial.o
    0x08002abc   0x08002abc   0x00000030   Code   RO          325    i.USART1_IRQHandler  serial.o
    0x08002aec   0x08002aec   0x00000064   Code   RO          473    i.USART2_IRQHandler  modbus.o
    0x08002b50   0x08002b50   0x00000088   Code   RO          326    i.USART6_IRQHandler  serial.o
    0x08002bd8   0x08002bd8   0x00000012   Code   RO         5448    i.USART_ClearFlag   stm32f4xx_usart.o
    0x08002bea   0x08002bea   0x0000001e   Code   RO         5449    i.USART_ClearITPendingBit  stm32f4xx_usart.o
    0x08002c08   0x08002c08   0x00000018   Code   RO         5452    i.USART_Cmd         stm32f4xx_usart.o
    0x08002c20   0x08002c20   0x0000001a   Code   RO         5455    i.USART_GetFlagStatus  stm32f4xx_usart.o
    0x08002c3a   0x08002c3a   0x00000054   Code   RO         5456    i.USART_GetITStatus  stm32f4xx_usart.o
    0x08002c8e   0x08002c8e   0x0000004a   Code   RO         5458    i.USART_ITConfig    stm32f4xx_usart.o
    0x08002cd8   0x08002cd8   0x000000d4   Code   RO         5459    i.USART_Init        stm32f4xx_usart.o
    0x08002dac   0x08002dac   0x0000000a   Code   RO         5466    i.USART_ReceiveData  stm32f4xx_usart.o
    0x08002db6   0x08002db6   0x00000008   Code   RO         5469    i.USART_SendData    stm32f4xx_usart.o
    0x08002dbe   0x08002dbe   0x00000002   PAD
    0x08002dc0   0x08002dc0   0x0000005c   Code   RO          474    i.USART_Send_Buffer  modbus.o
    0x08002e1c   0x08002e1c   0x00000004   Code   RO          220    i.UsageFault_Handler  stm32f4xx_it.o
    0x08002e20   0x08002e20   0x00000030   Code   RO         5948    i.__ARM_fpclassify  m_wm.l(fpclassify.o)
    0x08002e50   0x08002e50   0x0000000e   Code   RO         5822    i._is_digit         c_w.l(__printf_wp.o)
    0x08002e5e   0x08002e5e   0x00000002   PAD
    0x08002e60   0x08002e60   0x00000044   Code   RO          430    i.delay_init        delay.o
    0x08002ea4   0x08002ea4   0x0000004c   Code   RO          431    i.delay_ms          delay.o
    0x08002ef0   0x08002ef0   0x000000a0   Code   RO            4    i.main              main.o
    0x08002f90   0x08002f90   0x0000002e   Code   RO            5    i.map_value         main.o
    0x08002fbe   0x08002fbe   0x00000002   PAD
    0x08002fc0   0x08002fc0   0x00000038   Code   RO          475    i.usMBCRC16         modbus.o
    0x08002ff8   0x08002ff8   0x0000002c   Code   RO         5935    locale$$code        c_w.l(lc_numeric_c.o)
    0x08003024   0x08003024   0x0000002c   Code   RO         5956    locale$$code        c_w.l(lc_ctype_c.o)
    0x08003050   0x08003050   0x0000000a   Code   RO         6014    x$fpl$fpinit        fz_wm.l(fpinit.o)
    0x0800305a   0x0800305a   0x00000004   Code   RO         5857    x$fpl$printf1       fz_wm.l(printf1.o)
    0x0800305e   0x0800305e   0x00000004   Code   RO         5859    x$fpl$printf2       fz_wm.l(printf2.o)
    0x08003062   0x08003062   0x00000000   Code   RO         5947    x$fpl$usenofp       fz_wm.l(usenofp.o)
    0x08003062   0x08003062   0x00000200   Data   RO          477    .constdata          modbus.o
    0x08003262   0x08003262   0x00000002   PAD
    0x08003264   0x08003264   0x00000008   Data   RO         5781    .constdata          c_w.l(_printf_wctomb.o)
    0x0800326c   0x0800326c   0x00000028   Data   RO         5810    .constdata          c_w.l(_printf_hex_int_ll_ptr.o)
    0x08003294   0x08003294   0x00000011   Data   RO         5830    .constdata          c_w.l(__printf_flags_ss_wp.o)
    0x080032a5   0x080032a5   0x00000026   Data   RO         5887    .constdata          c_w.l(_printf_fp_hex.o)
    0x080032cb   0x080032cb   0x00000001   PAD
    0x080032cc   0x080032cc   0x00000094   Data   RO         5910    .constdata          c_w.l(bigflt0.o)
    0x08003360   0x08003360   0x00000020   Data   RO         6082    Region$$Table       anon$$obj.o
    0x08003380   0x08003380   0x0000001c   Data   RO         5934    locale$$data        c_w.l(lc_numeric_c.o)
    0x0800339c   0x0800339c   0x00000110   Data   RO         5955    locale$$data        c_w.l(lc_ctype_c.o)


    Execution Region RW_IRAM1 (Exec base: 0x20000000, Load base: 0x080034ac, Size: 0x00000750, Max: 0x00020000, ABSOLUTE)

    Exec Addr    Load Addr    Size         Type   Attr      Idx    E Section Name        Object

    0x20000000   0x080034ac   0x00000004   Data   RW            6    .data               main.o
    0x20000004   0x080034b0   0x00000004   Data   RW          221    .data               stm32f4xx_it.o
    0x20000008   0x080034b4   0x00000010   Data   RW          328    .data               serial.o
    0x20000018   0x080034c4   0x00000004   Data   RW          433    .data               delay.o
    0x2000001c   0x080034c8   0x00000004   Data   RW          478    .data               modbus.o
    0x20000020   0x080034cc   0x00000012   Data   RW          556    .data               nimotion.o
    0x20000032   0x080034de   0x00000001   Data   RW          703    .data               timer.o
    0x20000033   0x080034df   0x00000010   Data   RW         3533    .data               stm32f4xx_rcc.o
    0x20000043   0x080034ef   0x00000001   PAD
    0x20000044   0x080034f0   0x00000004   Data   RW         5722    .data               system_stm32f4xx.o
    0x20000048        -       0x00000040   Zero   RW          476    .bss                modbus.o
    0x20000088        -       0x00000064   Zero   RW          555    .bss                nimotion.o
    0x200000ec        -       0x00000060   Zero   RW         5951    .bss                c_w.l(libspace.o)
    0x2000014c   0x080034f4   0x00000004   PAD
    0x20000150        -       0x00000200   Zero   RW         5710    HEAP                startup_stm32f407xx.o
    0x20000350        -       0x00000400   Zero   RW         5709    STACK               startup_stm32f407xx.o


==============================================================================

Image component sizes


      Code (inc. data)   RO Data    RW Data    ZI Data      Debug   Object Name

       144         22          0          4          0       1216   delay.o
       206         22          0          4          0     300718   main.o
       180         24          0          0          0       3713   misc.o
       498         52        512          4         64       3904   modbus.o
      1330        112          0         18        100       8648   nimotion.o
       206          0          0          0          0        844   nimotiontest.o
       730         48          0         16          0       5611   serial.o
        64         26        392          0       1536        868   startup_stm32f407xx.o
         0          0          0          0          0      15372   stm32f4xx_dfsdm.o
       224          0          0          0          0       9851   stm32f4xx_gpio.o
        56          6          0          4          0       5086   stm32f4xx_it.o
       328         36          0         16          0       4575   stm32f4xx_rcc.o
       218         28          0          0          0      23823   stm32f4xx_tim.o
       486          8          0          0          0      12557   stm32f4xx_usart.o
        20          6          0          4          0       1179   system_stm32f4xx.o
       372         60          0          1          0       2571   timer.o

    ----------------------------------------------------------------------
      5074        450        938         72       1700     400536   Object Totals
         0          0         32          0          0          0   (incl. Generated)
        12          0          2          1          0          0   (incl. Padding)

    ----------------------------------------------------------------------

      Code (inc. data)   RO Data    RW Data    ZI Data      Debug   Library Member Name

         8          0          0          0          0         68   __main.o
       392          4         17          0          0         92   __printf_flags_ss_wp.o
        14          0          0          0          0         68   __printf_wp.o
         0          0          0          0          0          0   __rtentry.o
        12          0          0          0          0          0   __rtentry2.o
         6          0          0          0          0          0   __rtentry4.o
        52          8          0          0          0          0   __scatter.o
        26          0          0          0          0          0   __scatter_copy.o
        28          0          0          0          0          0   __scatter_zi.o
         6          0          0          0          0          0   _printf_a.o
         6          0          0          0          0          0   _printf_c.o
        44          0          0          0          0        108   _printf_char.o
        48          6          0          0          0         96   _printf_char_common.o
        40          0          0          0          0         68   _printf_charcount.o
         6          0          0          0          0          0   _printf_d.o
       120         16          0          0          0         92   _printf_dec.o
         6          0          0          0          0          0   _printf_e.o
         6          0          0          0          0          0   _printf_f.o
      1054          0          0          0          0        216   _printf_fp_dec.o
       764          8         38          0          0        100   _printf_fp_hex.o
       128         16          0          0          0         84   _printf_fp_infnan.o
         6          0          0          0          0          0   _printf_g.o
       148          4         40          0          0        160   _printf_hex_int_ll_ptr.o
         6          0          0          0          0          0   _printf_i.o
       178          0          0          0          0         88   _printf_intcommon.o
        10          0          0          0          0          0   _printf_l.o
         6          0          0          0          0          0   _printf_lc.o
        10          0          0          0          0          0   _printf_ll.o
         6          0          0          0          0          0   _printf_lld.o
         6          0          0          0          0          0   _printf_lli.o
         6          0          0          0          0          0   _printf_llo.o
         6          0          0          0          0          0   _printf_llu.o
         6          0          0          0          0          0   _printf_llx.o
       124         16          0          0          0         92   _printf_longlong_dec.o
         6          0          0          0          0          0   _printf_ls.o
         6          0          0          0          0          0   _printf_n.o
         6          0          0          0          0          0   _printf_o.o
       112         10          0          0          0        124   _printf_oct_int_ll.o
         6          0          0          0          0          0   _printf_p.o
        78          0          0          0          0        108   _printf_pad.o
         0          0          0          0          0          0   _printf_percent.o
         4          0          0          0          0          0   _printf_percent_end.o
         6          0          0          0          0          0   _printf_s.o
        82          0          0          0          0         80   _printf_str.o
        36          0          0          0          0         84   _printf_truncate.o
         6          0          0          0          0          0   _printf_u.o
        44          0          0          0          0        108   _printf_wchar.o
       188          6          8          0          0         92   _printf_wctomb.o
         6          0          0          0          0          0   _printf_x.o
        10          0          0          0          0         68   _sputc.o
        64          0          0          0          0         92   _wcrtomb.o
       228          4        148          0          0         96   bigflt0.o
      1936        128          0          0          0        672   btod.o
        18          0          0          0          0         80   exit.o
         6          0          0          0          0        152   heapauxi.o
         0          0          0          0          0          0   indicate_semi.o
        44         10        272          0          0         76   lc_ctype_c.o
        44         10         28          0          0         76   lc_numeric_c.o
         2          0          0          0          0          0   libinit.o
        34          0          0          0          0          0   libinit2.o
         2          0          0          0          0          0   libshutdown.o
         2          0          0          0          0          0   libshutdown2.o
         8          4          0          0         96         68   libspace.o
       138          0          0          0          0         80   lludiv10.o
        16          4          0          0          0         76   rt_ctype_table.o
         8          4          0          0          0         68   rt_locale_intlibspace.o
        68          0          0          0          0         68   rt_memclr.o
        78          0          0          0          0         80   rt_memclr_w.o
         2          0          0          0          0          0   rtexit.o
        10          0          0          0          0          0   rtexit2.o
       128          0          0          0          0         68   strcmpv7m.o
        12          4          0          0          0         68   sys_exit.o
        74          0          0          0          0         80   sys_stackheap_outer.o
         2          0          0          0          0         68   use_no_semi.o
        36          4          0          0          0         76   vsprintf.o
        10          0          0          0          0        116   fpinit.o
         4          0          0          0          0        116   printf1.o
         4          0          0          0          0        116   printf2.o
         0          0          0          0          0          0   usenofp.o
        48          0          0          0          0        124   fpclassify.o

    ----------------------------------------------------------------------
      6920        266        552          0        100       4512   Library Totals
        14          0          1          0          4          0   (incl. Padding)

    ----------------------------------------------------------------------

      Code (inc. data)   RO Data    RW Data    ZI Data      Debug   Library Name

      6840        266        551          0         96       4040   c_w.l
        18          0          0          0          0        348   fz_wm.l
        48          0          0          0          0        124   m_wm.l

    ----------------------------------------------------------------------
      6920        266        552          0        100       4512   Library Totals

    ----------------------------------------------------------------------

==============================================================================


      Code (inc. data)   RO Data    RW Data    ZI Data      Debug   

     11994        716       1490         72       1800     396464   Grand Totals
     11994        716       1490         72       1800     396464   ELF Image Totals
     11994        716       1490         72          0          0   ROM Totals

==============================================================================

    Total RO  Size (Code + RO Data)                13484 (  13.17kB)
    Total RW  Size (RW Data + ZI Data)              1872 (   1.83kB)
    Total ROM Size (Code + RO Data + RW Data)      13556 (  13.24kB)

==============================================================================

